0 verbose cli C:\Program Files\nodejs\node.exe C:\Program Files\nodejs\node_modules\npm\bin\npm-cli.js
1 info using npm@11.6.2
2 info using node@v24.11.1
3 silly config load:file:C:\Program Files\nodejs\node_modules\npm\npmrc
4 silly config load:file:D:\QLSCvaQLBTI_BE\.npmrc
5 silly config load:file:C:\Users\DUNG\.npmrc
6 silly config load:file:C:\Users\DUNG\AppData\Roaming\npm\etc\npmrc
7 verbose title npm install
8 verbose argv "install" "--cache" ".npm-cache"
9 verbose logfile logs-max:10 dir:D:\QLSCvaQLBTI_BE\.npm-cache\_logs\2026-09-03T18_43_58_557Z-
10 verbose logfile D:\QLSCvaQLBTI_BE\.npm-cache\_logs\2026-09-03T18_43_58_557Z-debug-0.log
11 silly logfile done cleaning log files
12 silly packumentCache heap:4496293888 maxSize:1124073472 maxEntrySize:562036736
13 silly idealTree buildDeps
14 silly fetch manifest cors@^2.8.5
15 silly packumentCache full:https://registry.npmjs.org/cors cache-miss
16 http fetch GET 200 https://registry.npmjs.org/cors 181ms (cache miss)
17 silly packumentCache full:https://registry.npmjs.org/cors set size:undefined disposed:false
18 silly fetch manifest dotenv@^16.6.1
19 silly packumentCache full:https://registry.npmjs.org/dotenv cache-miss
20 http fetch GET 200 https://registry.npmjs.org/npm 317ms
21 http fetch GET 200 https://registry.npmjs.org/dotenv 158ms (cache miss)
22 silly packumentCache full:https://registry.npmjs.org/dotenv set size:undefined disposed:false
23 silly fetch manifest express@^4.21.2
24 silly packumentCache full:https://registry.npmjs.org/express cache-miss
25 http fetch GET 200 https://registry.npmjs.org/express 76ms (cache miss)
26 silly packumentCache full:https://registry.npmjs.org/express set size:undefined disposed:false
27 silly fetch manifest helmet@^8.1.0
28 silly packumentCache full:https://registry.npmjs.org/helmet cache-miss
29 http fetch GET 200 https://registry.npmjs.org/helmet 69ms (cache miss)
30 silly packumentCache full:https://registry.npmjs.org/helmet set size:undefined disposed:false
31 silly fetch manifest morgan@^1.10.0
32 silly packumentCache full:https://registry.npmjs.org/morgan cache-miss
33 http fetch GET 200 https://registry.npmjs.org/morgan 64ms (cache miss)
34 silly packumentCache full:https://registry.npmjs.org/morgan set size:undefined disposed:false
35 silly fetch manifest nodemon@^3.1.10
36 silly packumentCache full:https://registry.npmjs.org/nodemon cache-miss
37 http fetch GET 200 https://registry.npmjs.org/nodemon 77ms (cache miss)
38 silly packumentCache full:https://registry.npmjs.org/nodemon set size:undefined disposed:false
39 silly placeDep ROOT cors@2.8.6 OK for: qlscvaqlbti_be@1.0.0 want: ^2.8.5
40 silly placeDep ROOT dotenv@16.6.1 OK for: qlscvaqlbti_be@1.0.0 want: ^16.6.1
41 silly placeDep ROOT express@4.22.2 OK for: qlscvaqlbti_be@1.0.0 want: ^4.21.2
42 silly placeDep ROOT helmet@8.3.0 OK for: qlscvaqlbti_be@1.0.0 want: ^8.1.0
43 silly placeDep ROOT morgan@1.12.0 OK for: qlscvaqlbti_be@1.0.0 want: ^1.10.0
44 silly placeDep ROOT nodemon@3.1.14 OK for: qlscvaqlbti_be@1.0.0 want: ^3.1.10
45 silly fetch manifest object-assign@^4
46 silly packumentCache full:https://registry.npmjs.org/object-assign cache-miss
47 silly fetch manifest vary@^1
48 silly packumentCache full:https://registry.npmjs.org/vary cache-miss
49 silly fetch manifest qs@~6.15.1
50 silly packumentCache full:https://registry.npmjs.org/qs cache-miss
51 silly fetch manifest depd@2.0.0
52 silly packumentCache full:https://registry.npmjs.org/depd cache-miss
53 silly fetch manifest etag@~1.8.1
54 silly packumentCache full:https://registry.npmjs.org/etag cache-miss
55 silly fetch manifest send@~0.19.0
56 silly packumentCache full:https://registry.npmjs.org/send cache-miss
57 silly fetch manifest vary@~1.1.2
58 silly packumentCache full:https://registry.npmjs.org/vary cache-miss
59 silly fetch manifest debug@2.6.9
60 silly packumentCache full:https://registry.npmjs.org/debug cache-miss
61 silly fetch manifest fresh@~0.5.2
62 silly packumentCache full:https://registry.npmjs.org/fresh cache-miss
63 silly fetch manifest cookie@~0.7.1
64 silly packumentCache full:https://registry.npmjs.org/cookie cache-miss
65 silly fetch manifest accepts@~1.3.8
66 silly packumentCache full:https://registry.npmjs.org/accepts cache-miss
67 silly fetch manifest methods@~1.1.2
68 silly packumentCache full:https://registry.npmjs.org/methods cache-miss
69 silly fetch manifest type-is@~1.6.18
70 silly packumentCache full:https://registry.npmjs.org/type-is cache-miss
71 silly fetch manifest parseurl@~1.3.3
72 silly packumentCache full:https://registry.npmjs.org/parseurl cache-miss
73 silly fetch manifest statuses@~2.0.1
74 silly packumentCache full:https://registry.npmjs.org/statuses cache-miss
75 http fetch GET 200 https://registry.npmjs.org/vary 97ms (cache miss)
76 silly packumentCache full:https://registry.npmjs.org/vary set size:undefined disposed:false
77 silly fetch manifest encodeurl@~2.0.0
78 silly packumentCache full:https://registry.npmjs.org/encodeurl cache-miss
79 http fetch GET 200 https://registry.npmjs.org/object-assign 102ms (cache miss)
80 silly packumentCache full:https://registry.npmjs.org/object-assign set size:undefined disposed:false
81 silly fetch manifest proxy-addr@~2.0.7
82 silly packumentCache full:https://registry.npmjs.org/proxy-addr cache-miss
83 http fetch GET 200 https://registry.npmjs.org/encodeurl 58ms (cache miss)
84 silly packumentCache full:https://registry.npmjs.org/encodeurl set size:undefined disposed:false
85 silly fetch manifest body-parser@~1.20.5
86 silly packumentCache full:https://registry.npmjs.org/body-parser cache-miss
87 http fetch GET 200 https://registry.npmjs.org/proxy-addr 67ms (cache miss)
88 silly packumentCache full:https://registry.npmjs.org/proxy-addr set size:undefined disposed:false
89 silly fetch manifest escape-html@~1.0.3
90 silly packumentCache full:https://registry.npmjs.org/escape-html cache-miss
91 http fetch GET 200 https://registry.npmjs.org/vary 228ms (cache miss)
92 silly packumentCache full:https://registry.npmjs.org/vary set size:undefined disposed:false
93 silly fetch manifest http-errors@~2.0.0
94 silly packumentCache full:https://registry.npmjs.org/http-errors cache-miss
95 http fetch GET 200 https://registry.npmjs.org/depd 235ms (cache miss)
96 silly packumentCache full:https://registry.npmjs.org/depd set size:undefined disposed:false
97 silly fetch manifest on-finished@~2.4.1
98 silly packumentCache full:https://registry.npmjs.org/on-finished cache-miss
99 http fetch GET 200 https://registry.npmjs.org/etag 238ms (cache miss)
100 silly packumentCache full:https://registry.npmjs.org/etag set size:undefined disposed:false
101 silly fetch manifest safe-buffer@5.2.1
102 silly packumentCache full:https://registry.npmjs.org/safe-buffer cache-miss
103 http fetch GET 200 https://registry.npmjs.org/fresh 240ms (cache miss)
104 silly packumentCache full:https://registry.npmjs.org/fresh set size:undefined disposed:false
105 silly fetch manifest utils-merge@1.0.1
106 silly packumentCache full:https://registry.npmjs.org/utils-merge cache-miss
107 http fetch GET 200 https://registry.npmjs.org/methods 243ms (cache miss)
108 silly packumentCache full:https://registry.npmjs.org/methods set size:undefined disposed:false
109 silly fetch manifest content-type@~1.0.4
110 silly packumentCache full:https://registry.npmjs.org/content-type cache-miss
111 http fetch GET 200 https://registry.npmjs.org/parseurl 246ms (cache miss)
112 silly packumentCache full:https://registry.npmjs.org/parseurl set size:undefined disposed:false
113 silly fetch manifest finalhandler@~1.3.1
114 silly packumentCache full:https://registry.npmjs.org/finalhandler cache-miss
115 http fetch GET 200 https://registry.npmjs.org/type-is 249ms (cache miss)
116 silly packumentCache full:https://registry.npmjs.org/type-is set size:undefined disposed:false
117 silly fetch manifest range-parser@~1.2.1
118 silly packumentCache full:https://registry.npmjs.org/range-parser cache-miss
119 http fetch GET 200 https://registry.npmjs.org/escape-html 87ms (cache miss)
120 silly packumentCache full:https://registry.npmjs.org/escape-html set size:undefined disposed:false
121 silly fetch manifest serve-static@~1.16.2
122 silly packumentCache full:https://registry.npmjs.org/serve-static cache-miss
123 http fetch GET 200 https://registry.npmjs.org/cookie 258ms (cache miss)
124 silly packumentCache full:https://registry.npmjs.org/cookie set size:undefined disposed:false
125 silly fetch manifest array-flatten@1.1.1
126 silly packumentCache full:https://registry.npmjs.org/array-flatten cache-miss
127 http fetch GET 200 https://registry.npmjs.org/statuses 263ms (cache miss)
128 silly packumentCache full:https://registry.npmjs.org/statuses set size:undefined disposed:false
129 silly fetch manifest path-to-regexp@~0.1.12
130 silly packumentCache full:https://registry.npmjs.org/path-to-regexp cache-miss
131 http fetch GET 200 https://registry.npmjs.org/accepts 270ms (cache miss)
132 silly packumentCache full:https://registry.npmjs.org/accepts set size:undefined disposed:false
133 silly fetch manifest setprototypeof@1.2.0
134 silly packumentCache full:https://registry.npmjs.org/setprototypeof cache-miss
135 http fetch GET 200 https://registry.npmjs.org/body-parser 120ms (cache miss)
136 silly packumentCache full:https://registry.npmjs.org/body-parser set size:undefined disposed:false
137 silly fetch manifest cookie-signature@~1.0.6
138 silly packumentCache full:https://registry.npmjs.org/cookie-signature cache-miss
139 http fetch GET 200 https://registry.npmjs.org/send 282ms (cache miss)
140 silly packumentCache full:https://registry.npmjs.org/send set size:undefined disposed:false
141 silly fetch manifest merge-descriptors@1.0.3
142 silly packumentCache full:https://registry.npmjs.org/merge-descriptors cache-miss
143 http fetch GET 200 https://registry.npmjs.org/debug 306ms (cache miss)
144 silly packumentCache full:https://registry.npmjs.org/debug set size:undefined disposed:false
145 silly fetch manifest content-disposition@~0.5.4
146 silly packumentCache full:https://registry.npmjs.org/content-disposition cache-miss
147 http fetch GET 200 https://registry.npmjs.org/qs 338ms (cache miss)
148 silly packumentCache full:https://registry.npmjs.org/qs set size:undefined disposed:false
149 silly fetch manifest depd@~2.0.0
150 silly packumentCache full:https://registry.npmjs.org/depd cache-miss
151 http fetch GET 200 https://registry.npmjs.org/utils-merge 103ms (cache miss)
152 silly packumentCache full:https://registry.npmjs.org/utils-merge set size:undefined disposed:false
153 silly fetch manifest basic-auth@~2.0.1
154 silly packumentCache full:https://registry.npmjs.org/basic-auth cache-miss
155 http fetch GET 200 https://registry.npmjs.org/on-finished 113ms (cache miss)
156 silly packumentCache full:https://registry.npmjs.org/on-finished set size:undefined disposed:false
157 silly fetch manifest on-headers@~1.1.0
158 silly packumentCache full:https://registry.npmjs.org/on-headers cache-miss
159 http fetch GET 200 https://registry.npmjs.org/http-errors 125ms (cache miss)
160 silly packumentCache full:https://registry.npmjs.org/http-errors set size:undefined disposed:false
161 silly fetch manifest debug@^4
162 silly packumentCache full:https://registry.npmjs.org/debug cache-miss
163 http fetch GET 200 https://registry.npmjs.org/content-type 112ms (cache miss)
164 silly packumentCache full:https://registry.npmjs.org/content-type set size:undefined disposed:false
165 silly fetch manifest touch@^3.1.0
166 silly packumentCache full:https://registry.npmjs.org/touch cache-miss
167 http fetch GET 200 https://registry.npmjs.org/safe-buffer 124ms (cache miss)
168 silly packumentCache full:https://registry.npmjs.org/safe-buffer set size:undefined disposed:false
169 silly fetch manifest semver@^7.5.3
170 silly packumentCache full:https://registry.npmjs.org/semver cache-miss
171 http fetch GET 200 https://registry.npmjs.org/range-parser 113ms (cache miss)
172 silly packumentCache full:https://registry.npmjs.org/range-parser set size:undefined disposed:false
173 silly fetch manifest chokidar@^3.5.2
174 silly packumentCache full:https://registry.npmjs.org/chokidar cache-miss
175 http fetch GET 200 https://registry.npmjs.org/finalhandler 126ms (cache miss)
176 silly packumentCache full:https://registry.npmjs.org/finalhandler set size:undefined disposed:false
177 silly fetch manifest minimatch@^10.2.1
178 silly packumentCache full:https://registry.npmjs.org/minimatch cache-miss
179 http fetch GET 200 https://registry.npmjs.org/merge-descriptors 104ms (cache miss)
180 silly packumentCache full:https://registry.npmjs.org/merge-descriptors set size:undefined disposed:false
181 silly fetch manifest undefsafe@^2.0.5
182 silly packumentCache full:https://registry.npmjs.org/undefsafe cache-miss
183 http fetch GET 200 https://registry.npmjs.org/array-flatten 130ms (cache miss)
184 silly packumentCache full:https://registry.npmjs.org/array-flatten set size:undefined disposed:false
185 silly fetch manifest pstree.remy@^1.1.8
186 silly packumentCache full:https://registry.npmjs.org/pstree.remy cache-miss
187 http cache https://registry.npmjs.org/depd 49ms (cache hit)
188 silly packumentCache full:https://registry.npmjs.org/depd set size:40182 disposed:false
189 silly fetch manifest supports-color@^5.5.0
190 silly packumentCache full:https://registry.npmjs.org/supports-color cache-miss
191 http fetch GET 200 https://registry.npmjs.org/cookie-signature 119ms (cache miss)
192 silly packumentCache full:https://registry.npmjs.org/cookie-signature set size:undefined disposed:false
193 silly fetch manifest ignore-by-default@^1.0.1
194 silly packumentCache full:https://registry.npmjs.org/ignore-by-default cache-miss
195 http fetch GET 200 https://registry.npmjs.org/setprototypeof 131ms (cache miss)
196 silly packumentCache full:https://registry.npmjs.org/setprototypeof set size:undefined disposed:false
197 silly fetch manifest simple-update-notifier@^2.0.0
198 silly packumentCache full:https://registry.npmjs.org/simple-update-notifier cache-miss
199 http cache https://registry.npmjs.org/debug 59ms (cache hit)
200 silly packumentCache full:https://registry.npmjs.org/debug set size:195840 disposed:false
201 http fetch GET 200 https://registry.npmjs.org/content-disposition 117ms (cache miss)
202 silly packumentCache full:https://registry.npmjs.org/content-disposition set size:undefined disposed:false
203 http fetch GET 200 https://registry.npmjs.org/serve-static 169ms (cache miss)
204 silly packumentCache full:https://registry.npmjs.org/serve-static set size:undefined disposed:false
205 http fetch GET 200 https://registry.npmjs.org/basic-auth 95ms (cache miss)
206 silly packumentCache full:https://registry.npmjs.org/basic-auth set size:undefined disposed:false
207 http fetch GET 200 https://registry.npmjs.org/path-to-regexp 176ms (cache miss)
208 silly packumentCache full:https://registry.npmjs.org/path-to-regexp set size:undefined disposed:false
209 http fetch GET 200 https://registry.npmjs.org/on-headers 103ms (cache miss)
210 silly packumentCache full:https://registry.npmjs.org/on-headers set size:undefined disposed:false
211 http fetch GET 200 https://registry.npmjs.org/touch 99ms (cache miss)
212 silly packumentCache full:https://registry.npmjs.org/touch set size:undefined disposed:false
213 http fetch GET 200 https://registry.npmjs.org/chokidar 101ms (cache miss)
214 silly packumentCache full:https://registry.npmjs.org/chokidar set size:undefined disposed:false
215 http fetch GET 200 https://registry.npmjs.org/undefsafe 83ms (cache miss)
216 silly packumentCache full:https://registry.npmjs.org/undefsafe set size:undefined disposed:false
217 http fetch GET 200 https://registry.npmjs.org/pstree.remy 84ms (cache miss)
218 silly packumentCache full:https://registry.npmjs.org/pstree.remy set size:undefined disposed:false
219 http fetch GET 200 https://registry.npmjs.org/ignore-by-default 76ms (cache miss)
220 silly packumentCache full:https://registry.npmjs.org/ignore-by-default set size:undefined disposed:false
221 http fetch GET 200 https://registry.npmjs.org/semver 116ms (cache miss)
222 silly packumentCache full:https://registry.npmjs.org/semver set size:undefined disposed:false
223 http fetch GET 200 https://registry.npmjs.org/simple-update-notifier 79ms (cache miss)
224 silly packumentCache full:https://registry.npmjs.org/simple-update-notifier set size:undefined disposed:false
225 http fetch GET 200 https://registry.npmjs.org/supports-color 94ms (cache miss)
226 silly packumentCache full:https://registry.npmjs.org/supports-color set size:undefined disposed:false
227 http fetch GET 200 https://registry.npmjs.org/minimatch 115ms (cache miss)
228 silly packumentCache full:https://registry.npmjs.org/minimatch set size:undefined disposed:false
229 silly placeDep ROOT object-assign@4.1.1 OK for: cors@2.8.6 want: ^4
230 silly placeDep ROOT vary@1.1.2 OK for: cors@2.8.6 want: ^1
231 silly placeDep ROOT accepts@1.3.8 OK for: express@4.22.2 want: ~1.3.8
232 silly placeDep ROOT array-flatten@1.1.1 OK for: express@4.22.2 want: 1.1.1
233 silly placeDep ROOT body-parser@1.20.6 OK for: express@4.22.2 want: ~1.20.5
234 silly placeDep ROOT content-disposition@0.5.4 OK for: express@4.22.2 want: ~0.5.4
235 silly placeDep ROOT content-type@1.0.5 OK for: express@4.22.2 want: ~1.0.4
236 silly placeDep ROOT cookie@0.7.2 OK for: express@4.22.2 want: ~0.7.1
237 silly placeDep ROOT cookie-signature@1.0.7 OK for: express@4.22.2 want: ~1.0.6
238 silly placeDep ROOT debug@2.6.9 OK for: express@4.22.2 want: 2.6.9
239 silly placeDep ROOT depd@2.0.0 OK for: express@4.22.2 want: 2.0.0
240 silly placeDep ROOT encodeurl@2.0.0 OK for: express@4.22.2 want: ~2.0.0
241 silly placeDep ROOT escape-html@1.0.3 OK for: express@4.22.2 want: ~1.0.3
242 silly placeDep ROOT etag@1.8.1 OK for: express@4.22.2 want: ~1.8.1
243 silly placeDep ROOT finalhandler@1.3.2 OK for: express@4.22.2 want: ~1.3.1
244 silly placeDep ROOT fresh@0.5.2 OK for: express@4.22.2 want: ~0.5.2
245 silly placeDep ROOT http-errors@2.0.1 OK for: express@4.22.2 want: ~2.0.0
246 silly placeDep ROOT merge-descriptors@1.0.3 OK for: express@4.22.2 want: 1.0.3
247 silly placeDep ROOT methods@1.1.2 OK for: express@4.22.2 want: ~1.1.2
248 silly placeDep ROOT on-finished@2.4.1 OK for: express@4.22.2 want: ~2.4.1
249 silly placeDep ROOT parseurl@1.3.3 OK for: express@4.22.2 want: ~1.3.3
250 silly placeDep ROOT path-to-regexp@0.1.13 OK for: express@4.22.2 want: ~0.1.12
251 silly placeDep ROOT proxy-addr@2.0.7 OK for: express@4.22.2 want: ~2.0.7
252 silly placeDep ROOT qs@6.15.3 OK for: express@4.22.2 want: ~6.15.1
253 silly placeDep ROOT range-parser@1.2.1 OK for: express@4.22.2 want: ~1.2.1
254 silly placeDep ROOT safe-buffer@5.2.1 OK for: express@4.22.2 want: 5.2.1
255 silly placeDep ROOT send@0.19.2 OK for: express@4.22.2 want: ~0.19.0
256 silly placeDep ROOT serve-static@1.16.3 OK for: express@4.22.2 want: ~1.16.2
257 silly placeDep ROOT setprototypeof@1.2.0 OK for: express@4.22.2 want: 1.2.0
258 silly placeDep ROOT statuses@2.0.2 OK for: express@4.22.2 want: ~2.0.1
259 silly placeDep ROOT type-is@1.6.18 OK for: express@4.22.2 want: ~1.6.18
260 silly placeDep ROOT utils-merge@1.0.1 OK for: express@4.22.2 want: 1.0.1
261 silly fetch manifest mime-types@~2.1.34
262 silly packumentCache full:https://registry.npmjs.org/mime-types cache-miss
263 silly fetch manifest negotiator@0.6.3
264 silly packumentCache full:https://registry.npmjs.org/negotiator cache-miss
265 silly fetch manifest bytes@~3.1.2
266 silly packumentCache full:https://registry.npmjs.org/bytes cache-miss
267 silly fetch manifest unpipe@~1.0.0
268 silly packumentCache full:https://registry.npmjs.org/unpipe cache-miss
269 silly fetch manifest destroy@~1.2.0
270 silly packumentCache full:https://registry.npmjs.org/destroy cache-miss
271 silly fetch manifest raw-body@~2.5.3
272 silly packumentCache full:https://registry.npmjs.org/raw-body cache-miss
273 silly fetch manifest iconv-lite@~0.4.24
274 silly packumentCache full:https://registry.npmjs.org/iconv-lite cache-miss
275 silly fetch manifest http-errors@~2.0.1
276 silly packumentCache full:https://registry.npmjs.org/http-errors cache-miss
277 silly fetch manifest content-type@~1.0.5
278 silly packumentCache full:https://registry.npmjs.org/content-type cache-miss
279 silly fetch manifest ms@2.0.0
280 silly packumentCache full:https://registry.npmjs.org/ms cache-miss
281 silly fetch manifest unpipe@~1.0.0
282 silly packumentCache full:https://registry.npmjs.org/unpipe cache-miss
283 silly fetch manifest statuses@~2.0.2
284 silly packumentCache full:https://registry.npmjs.org/statuses cache-miss
285 silly fetch manifest inherits@~2.0.4
286 silly packumentCache full:https://registry.npmjs.org/inherits cache-miss
287 silly fetch manifest setprototypeof@~1.2.0
288 silly packumentCache full:https://registry.npmjs.org/setprototypeof cache-miss
289 silly fetch manifest statuses@~2.0.2
290 silly packumentCache full:https://registry.npmjs.org/statuses cache-miss
291 http cache https://registry.npmjs.org/http-errors 23ms (cache hit)
292 silly packumentCache full:https://registry.npmjs.org/http-errors set size:71987 disposed:false
293 silly fetch manifest toidentifier@~1.0.1
294 silly packumentCache full:https://registry.npmjs.org/toidentifier cache-miss
295 http cache https://registry.npmjs.org/content-type 25ms (cache hit)
296 silly packumentCache full:https://registry.npmjs.org/content-type set size:23936 disposed:false
297 silly fetch manifest ee-first@1.1.1
298 silly packumentCache full:https://registry.npmjs.org/ee-first cache-miss
299 http cache https://registry.npmjs.org/setprototypeof 24ms (cache hit)
300 silly packumentCache full:https://registry.npmjs.org/setprototypeof set size:14532 disposed:false
301 silly fetch manifest forwarded@0.2.0
302 silly packumentCache full:https://registry.npmjs.org/forwarded cache-miss
303 http cache https://registry.npmjs.org/statuses 27ms (cache hit)
304 silly packumentCache full:https://registry.npmjs.org/statuses set size:37117 disposed:false
305 silly fetch manifest ipaddr.js@1.9.1
306 silly packumentCache full:https://registry.npmjs.org/ipaddr.js cache-miss
307 http cache https://registry.npmjs.org/statuses 30ms (cache hit)
308 silly packumentCache full:https://registry.npmjs.org/statuses set size:37117 disposed:false
309 silly packumentCache full:https://registry.npmjs.org/statuses dispose
310 silly fetch manifest side-channel@^1.1.1
311 silly packumentCache full:https://registry.npmjs.org/side-channel cache-miss
312 http fetch GET 200 https://registry.npmjs.org/unpipe 71ms (cache miss)
313 silly packumentCache full:https://registry.npmjs.org/unpipe set size:undefined disposed:false
314 silly fetch manifest es-define-property@^1.0.1
315 silly packumentCache full:https://registry.npmjs.org/es-define-property cache-miss
316 http fetch GET 200 https://registry.npmjs.org/unpipe 82ms (cache miss)
317 silly packumentCache full:https://registry.npmjs.org/unpipe set size:undefined disposed:false
318 silly fetch manifest ms@2.1.3
319 silly packumentCache full:https://registry.npmjs.org/ms cache-miss
320 http fetch GET 200 https://registry.npmjs.org/bytes 85ms (cache miss)
321 silly packumentCache full:https://registry.npmjs.org/bytes set size:undefined disposed:false
322 silly fetch manifest mime@1.6.0
323 silly packumentCache full:https://registry.npmjs.org/mime cache-miss
324 http fetch GET 200 https://registry.npmjs.org/destroy 88ms (cache miss)
325 silly packumentCache full:https://registry.npmjs.org/destroy set size:undefined disposed:false
326 silly fetch manifest destroy@1.2.0
327 silly packumentCache full:https://registry.npmjs.org/destroy cache-miss
328 http fetch GET 200 https://registry.npmjs.org/raw-body 94ms (cache miss)
329 silly packumentCache full:https://registry.npmjs.org/raw-body set size:undefined disposed:false
330 silly fetch manifest mime-types@~2.1.24
331 silly packumentCache full:https://registry.npmjs.org/mime-types cache-miss
332 http fetch GET 200 https://registry.npmjs.org/inherits 94ms (cache miss)
333 silly packumentCache full:https://registry.npmjs.org/inherits set size:undefined disposed:false
334 silly fetch manifest media-typer@0.3.0
335 silly packumentCache full:https://registry.npmjs.org/media-typer cache-miss
336 http fetch GET 200 https://registry.npmjs.org/negotiator 102ms (cache miss)
337 silly packumentCache full:https://registry.npmjs.org/negotiator set size:undefined disposed:false
338 http fetch GET 200 https://registry.npmjs.org/ms 100ms (cache miss)
339 silly packumentCache full:https://registry.npmjs.org/ms set size:undefined disposed:false
340 http fetch GET 200 https://registry.npmjs.org/mime-types 109ms (cache miss)
341 silly packumentCache full:https://registry.npmjs.org/mime-types set size:undefined disposed:false
342 http fetch GET 200 https://registry.npmjs.org/iconv-lite 117ms (cache miss)
343 silly packumentCache full:https://registry.npmjs.org/iconv-lite set size:undefined disposed:false
344 http fetch GET 200 https://registry.npmjs.org/ee-first 97ms (cache miss)
345 silly packumentCache full:https://registry.npmjs.org/ee-first set size:undefined disposed:false
346 http fetch GET 200 https://registry.npmjs.org/toidentifier 100ms (cache miss)
347 silly packumentCache full:https://registry.npmjs.org/toidentifier set size:undefined disposed:false
348 http fetch GET 200 https://registry.npmjs.org/side-channel 93ms (cache miss)
349 silly packumentCache full:https://registry.npmjs.org/side-channel set size:undefined disposed:false
350 http fetch GET 200 https://registry.npmjs.org/forwarded 100ms (cache miss)
351 silly packumentCache full:https://registry.npmjs.org/forwarded set size:undefined disposed:false
352 http cache https://registry.npmjs.org/destroy 49ms (cache hit)
353 silly packumentCache full:https://registry.npmjs.org/destroy set size:15738 disposed:false
354 http cache https://registry.npmjs.org/mime-types 44ms (cache hit)
355 silly packumentCache full:https://registry.npmjs.org/mime-types set size:139110 disposed:false
356 http fetch GET 200 https://registry.npmjs.org/es-define-property 74ms (cache miss)
357 silly packumentCache full:https://registry.npmjs.org/es-define-property set size:undefined disposed:false
358 http fetch GET 200 https://registry.npmjs.org/ipaddr.js 119ms (cache miss)
359 silly packumentCache full:https://registry.npmjs.org/ipaddr.js set size:undefined disposed:false
360 http fetch GET 200 https://registry.npmjs.org/ms 73ms (cache miss)
361 silly packumentCache full:https://registry.npmjs.org/ms set size:undefined disposed:false
362 http fetch GET 200 https://registry.npmjs.org/mime 74ms (cache miss)
363 silly packumentCache full:https://registry.npmjs.org/mime set size:undefined disposed:false
364 http fetch GET 200 https://registry.npmjs.org/media-typer 63ms (cache miss)
365 silly packumentCache full:https://registry.npmjs.org/media-typer set size:undefined disposed:false
366 silly placeDep ROOT mime-types@2.1.35 OK for: accepts@1.3.8 want: ~2.1.34
367 silly placeDep ROOT negotiator@0.6.3 OK for: accepts@1.3.8 want: 0.6.3
368 silly fetch manifest mime-db@1.52.0
369 silly packumentCache full:https://registry.npmjs.org/mime-db cache-miss
370 http fetch GET 200 https://registry.npmjs.org/mime-db 49ms (cache miss)
371 silly packumentCache full:https://registry.npmjs.org/mime-db set size:undefined disposed:false
372 silly placeDep ROOT bytes@3.1.2 OK for: body-parser@1.20.6 want: ~3.1.2
373 silly placeDep ROOT destroy@1.2.0 OK for: body-parser@1.20.6 want: ~1.2.0
374 silly placeDep ROOT iconv-lite@0.4.24 OK for: body-parser@1.20.6 want: ~0.4.24
375 silly placeDep ROOT raw-body@2.5.3 OK for: body-parser@1.20.6 want: ~2.5.3
376 silly placeDep ROOT unpipe@1.0.0 OK for: body-parser@1.20.6 want: ~1.0.0
377 silly fetch manifest safer-buffer@>= 2.1.2 < 3
378 silly packumentCache full:https://registry.npmjs.org/safer-buffer cache-miss
379 http fetch GET 200 https://registry.npmjs.org/safer-buffer 48ms (cache miss)
380 silly packumentCache full:https://registry.npmjs.org/safer-buffer set size:undefined disposed:false
381 silly placeDep ROOT ms@2.0.0 OK for: debug@2.6.9 want: 2.0.0
382 silly placeDep ROOT inherits@2.0.4 OK for: http-errors@2.0.1 want: ~2.0.4
383 silly placeDep ROOT toidentifier@1.0.1 OK for: http-errors@2.0.1 want: ~1.0.1
384 silly placeDep ROOT safer-buffer@2.1.2 OK for: iconv-lite@0.4.24 want: >= 2.1.2 < 3
385 silly placeDep ROOT mime-db@1.52.0 OK for: mime-types@2.1.35 want: 1.52.0
386 silly placeDep ROOT basic-auth@2.0.1 OK for: morgan@1.12.0 want: ~2.0.1
387 silly placeDep ROOT on-headers@1.1.0 OK for: morgan@1.12.0 want: ~1.1.0
388 silly fetch manifest safe-buffer@5.1.2
389 silly packumentCache full:https://registry.npmjs.org/safe-buffer cache-miss
390 http cache https://registry.npmjs.org/safe-buffer 5ms (cache hit)
391 silly packumentCache full:https://registry.npmjs.org/safe-buffer set size:41183 disposed:false
392 silly placeDep node_modules/basic-auth safe-buffer@5.1.2 OK for: basic-auth@2.0.1 want: 5.1.2
393 silly placeDep ROOT chokidar@3.6.0 OK for: nodemon@3.1.14 want: ^3.5.2
394 silly placeDep node_modules/nodemon debug@4.4.3 OK for: nodemon@3.1.14 want: ^4
395 silly placeDep ROOT ignore-by-default@1.0.1 OK for: nodemon@3.1.14 want: ^1.0.1
396 silly placeDep ROOT minimatch@10.2.6 OK for: nodemon@3.1.14 want: ^10.2.1
397 silly placeDep ROOT pstree.remy@1.1.8 OK for: nodemon@3.1.14 want: ^1.1.8
398 silly placeDep ROOT semver@7.8.5 OK for: nodemon@3.1.14 want: ^7.5.3
399 silly placeDep ROOT simple-update-notifier@2.0.0 OK for: nodemon@3.1.14 want: ^2.0.0
400 silly placeDep ROOT supports-color@5.5.0 OK for: nodemon@3.1.14 want: ^5.5.0
401 silly placeDep ROOT touch@3.1.1 OK for: nodemon@3.1.14 want: ^3.1.0
402 silly placeDep ROOT undefsafe@2.0.5 OK for: nodemon@3.1.14 want: ^2.0.5
403 silly fetch manifest braces@~3.0.2
404 silly packumentCache full:https://registry.npmjs.org/braces cache-miss
405 silly fetch manifest is-glob@~4.0.1
406 silly packumentCache full:https://registry.npmjs.org/is-glob cache-miss
407 silly fetch manifest anymatch@~3.1.2
408 silly packumentCache full:https://registry.npmjs.org/anymatch cache-miss
409 silly fetch manifest readdirp@~3.6.0
410 silly packumentCache full:https://registry.npmjs.org/readdirp cache-miss
411 silly fetch manifest glob-parent@~5.1.2
412 silly packumentCache full:https://registry.npmjs.org/glob-parent cache-miss
413 silly fetch manifest is-binary-path@~2.1.0
414 silly packumentCache full:https://registry.npmjs.org/is-binary-path cache-miss
415 silly fetch manifest normalize-path@~3.0.0
416 silly packumentCache full:https://registry.npmjs.org/normalize-path cache-miss
417 silly fetch manifest fsevents@~2.3.2
418 silly packumentCache full:https://registry.npmjs.org/fsevents cache-miss
419 silly fetch manifest ms@^2.1.3
420 silly packumentCache full:https://registry.npmjs.org/ms cache-miss
421 silly fetch manifest brace-expansion@^5.0.8
422 silly packumentCache full:https://registry.npmjs.org/brace-expansion cache-miss
423 silly fetch manifest has-flag@^3.0.0
424 silly packumentCache full:https://registry.npmjs.org/has-flag cache-miss
425 http cache https://registry.npmjs.org/ms 12ms (cache hit)
426 silly packumentCache full:https://registry.npmjs.org/ms set size:92208 disposed:false
427 http fetch GET 200 https://registry.npmjs.org/anymatch 67ms (cache miss)
428 silly packumentCache full:https://registry.npmjs.org/anymatch set size:undefined disposed:false
429 http fetch GET 200 https://registry.npmjs.org/normalize-path 68ms (cache miss)
430 silly packumentCache full:https://registry.npmjs.org/normalize-path set size:undefined disposed:false
431 http fetch GET 200 https://registry.npmjs.org/has-flag 74ms (cache miss)
432 silly packumentCache full:https://registry.npmjs.org/has-flag set size:undefined disposed:false
433 http fetch GET 200 https://registry.npmjs.org/is-binary-path 77ms (cache miss)
434 silly packumentCache full:https://registry.npmjs.org/is-binary-path set size:undefined disposed:false
435 http fetch GET 200 https://registry.npmjs.org/is-glob 79ms (cache miss)
436 silly packumentCache full:https://registry.npmjs.org/is-glob set size:undefined disposed:false
437 http fetch GET 200 https://registry.npmjs.org/glob-parent 79ms (cache miss)
438 silly packumentCache full:https://registry.npmjs.org/glob-parent set size:undefined disposed:false
439 http fetch GET 200 https://registry.npmjs.org/brace-expansion 79ms (cache miss)
440 silly packumentCache full:https://registry.npmjs.org/brace-expansion set size:undefined disposed:false
441 http fetch GET 200 https://registry.npmjs.org/braces 85ms (cache miss)
442 silly packumentCache full:https://registry.npmjs.org/braces set size:undefined disposed:false
443 http fetch GET 200 https://registry.npmjs.org/readdirp 85ms (cache miss)
444 silly packumentCache full:https://registry.npmjs.org/readdirp set size:undefined disposed:false
445 http fetch GET 200 https://registry.npmjs.org/fsevents 86ms (cache miss)
446 silly packumentCache full:https://registry.npmjs.org/fsevents set size:undefined disposed:false
447 silly placeDep ROOT anymatch@3.1.3 OK for: chokidar@3.6.0 want: ~3.1.2
448 silly placeDep ROOT braces@3.0.3 OK for: chokidar@3.6.0 want: ~3.0.2
449 silly placeDep ROOT fsevents@2.3.3 OK for: chokidar@3.6.0 want: ~2.3.2
450 silly placeDep ROOT glob-parent@5.1.2 OK for: chokidar@3.6.0 want: ~5.1.2
451 silly placeDep ROOT is-binary-path@2.1.0 OK for: chokidar@3.6.0 want: ~2.1.0
452 silly placeDep ROOT is-glob@4.0.3 OK for: chokidar@3.6.0 want: ~4.0.1
453 silly placeDep ROOT normalize-path@3.0.0 OK for: chokidar@3.6.0 want: ~3.0.0
454 silly placeDep ROOT readdirp@3.6.0 OK for: chokidar@3.6.0 want: ~3.6.0
455 silly fetch manifest picomatch@^2.0.4
456 silly packumentCache full:https://registry.npmjs.org/picomatch cache-miss
457 silly fetch manifest normalize-path@^3.0.0
458 silly packumentCache full:https://registry.npmjs.org/normalize-path cache-miss
459 silly fetch manifest fill-range@^7.1.1
460 silly packumentCache full:https://registry.npmjs.org/fill-range cache-miss
461 silly fetch manifest is-glob@^4.0.1
462 silly packumentCache full:https://registry.npmjs.org/is-glob cache-miss
463 silly fetch manifest binary-extensions@^2.0.0
464 silly packumentCache full:https://registry.npmjs.org/binary-extensions cache-miss
465 silly fetch manifest is-extglob@^2.1.1
466 silly packumentCache full:https://registry.npmjs.org/is-extglob cache-miss
467 silly fetch manifest picomatch@^2.2.1
468 silly packumentCache full:https://registry.npmjs.org/picomatch cache-miss
469 http cache https://registry.npmjs.org/normalize-path 16ms (cache hit)
470 silly packumentCache full:https://registry.npmjs.org/normalize-path set size:28713 disposed:false
471 http cache https://registry.npmjs.org/is-glob 17ms (cache hit)
472 silly packumentCache full:https://registry.npmjs.org/is-glob set size:40530 disposed:false
473 http fetch GET 200 https://registry.npmjs.org/is-extglob 59ms (cache miss)
474 silly packumentCache full:https://registry.npmjs.org/is-extglob set size:undefined disposed:false
475 http fetch GET 200 https://registry.npmjs.org/binary-extensions 63ms (cache miss)
476 silly packumentCache full:https://registry.npmjs.org/binary-extensions set size:undefined disposed:false
477 http fetch GET 200 https://registry.npmjs.org/fill-range 66ms (cache miss)
478 silly packumentCache full:https://registry.npmjs.org/fill-range set size:undefined disposed:false
479 http fetch GET 200 https://registry.npmjs.org/picomatch 69ms (cache miss)
480 silly packumentCache full:https://registry.npmjs.org/picomatch set size:undefined disposed:false
481 http fetch GET 200 https://registry.npmjs.org/picomatch 69ms (cache miss)
482 silly packumentCache full:https://registry.npmjs.org/picomatch set size:undefined disposed:false
483 silly placeDep ROOT picomatch@2.3.2 OK for: anymatch@3.1.3 want: ^2.0.4
484 silly placeDep ROOT fill-range@7.1.1 OK for: braces@3.0.3 want: ^7.1.1
485 silly fetch manifest to-regex-range@^5.0.1
486 silly packumentCache full:https://registry.npmjs.org/to-regex-range cache-miss
487 http fetch GET 200 https://registry.npmjs.org/to-regex-range 49ms (cache miss)
488 silly packumentCache full:https://registry.npmjs.org/to-regex-range set size:undefined disposed:false
489 silly placeDep ROOT to-regex-range@5.0.1 OK for: fill-range@7.1.1 want: ^5.0.1
490 silly fetch manifest is-number@^7.0.0
491 silly packumentCache full:https://registry.npmjs.org/is-number cache-miss
492 http fetch GET 200 https://registry.npmjs.org/is-number 46ms (cache miss)
493 silly packumentCache full:https://registry.npmjs.org/is-number set size:undefined disposed:false
494 silly placeDep ROOT binary-extensions@2.3.0 OK for: is-binary-path@2.1.0 want: ^2.0.0
495 silly placeDep ROOT is-extglob@2.1.1 OK for: is-glob@4.0.3 want: ^2.1.1
496 silly placeDep ROOT brace-expansion@5.0.9 OK for: minimatch@10.2.6 want: ^5.0.8
497 silly fetch manifest balanced-match@^4.0.2
498 silly packumentCache full:https://registry.npmjs.org/balanced-match cache-miss
499 http fetch GET 200 https://registry.npmjs.org/balanced-match 49ms (cache miss)
500 silly packumentCache full:https://registry.npmjs.org/balanced-match set size:undefined disposed:false
501 silly placeDep ROOT balanced-match@4.0.4 OK for: brace-expansion@5.0.9 want: ^4.0.2
502 silly placeDep ROOT ee-first@1.1.1 OK for: on-finished@2.4.1 want: 1.1.1
503 silly placeDep ROOT forwarded@0.2.0 OK for: proxy-addr@2.0.7 want: 0.2.0
504 silly placeDep ROOT ipaddr.js@1.9.1 OK for: proxy-addr@2.0.7 want: 1.9.1
505 silly placeDep ROOT es-define-property@1.0.1 OK for: qs@6.15.3 want: ^1.0.1
506 silly placeDep ROOT side-channel@1.1.1 OK for: qs@6.15.3 want: ^1.1.1
507 silly fetch manifest es-errors@^1.3.0
508 silly packumentCache full:https://registry.npmjs.org/es-errors cache-miss
509 silly fetch manifest object-inspect@^1.13.4
510 silly packumentCache full:https://registry.npmjs.org/object-inspect cache-miss
511 silly fetch manifest side-channel-list@^1.0.1
512 silly packumentCache full:https://registry.npmjs.org/side-channel-list cache-miss
513 silly fetch manifest side-channel-map@^1.0.1
514 silly packumentCache full:https://registry.npmjs.org/side-channel-map cache-miss
515 silly fetch manifest side-channel-weakmap@^1.0.2
516 silly packumentCache full:https://registry.npmjs.org/side-channel-weakmap cache-miss
517 http fetch GET 200 https://registry.npmjs.org/side-channel-list 56ms (cache miss)
518 silly packumentCache full:https://registry.npmjs.org/side-channel-list set size:undefined disposed:false
519 http fetch GET 200 https://registry.npmjs.org/side-channel-map 58ms (cache miss)
520 silly packumentCache full:https://registry.npmjs.org/side-channel-map set size:undefined disposed:false
521 http fetch GET 200 https://registry.npmjs.org/side-channel-weakmap 58ms (cache miss)
522 silly packumentCache full:https://registry.npmjs.org/side-channel-weakmap set size:undefined disposed:false
523 http fetch GET 200 https://registry.npmjs.org/es-errors 61ms (cache miss)
524 silly packumentCache full:https://registry.npmjs.org/es-errors set size:undefined disposed:false
525 http fetch GET 200 https://registry.npmjs.org/object-inspect 62ms (cache miss)
526 silly packumentCache full:https://registry.npmjs.org/object-inspect set size:undefined disposed:false
527 silly placeDep ROOT mime@1.6.0 OK for: send@0.19.2 want: 1.6.0
528 silly placeDep node_modules/send ms@2.1.3 OK for: send@0.19.2 want: 2.1.3
529 silly placeDep ROOT es-errors@1.3.0 OK for: side-channel@1.1.1 want: ^1.3.0
530 silly placeDep ROOT object-inspect@1.13.4 OK for: side-channel@1.1.1 want: ^1.13.4
531 silly placeDep ROOT side-channel-list@1.0.1 OK for: side-channel@1.1.1 want: ^1.0.1
532 silly placeDep ROOT side-channel-map@1.0.1 OK for: side-channel@1.1.1 want: ^1.0.1
533 silly placeDep ROOT side-channel-weakmap@1.0.2 OK for: side-channel@1.1.1 want: ^1.0.2
534 silly fetch manifest call-bound@^1.0.2
535 silly packumentCache full:https://registry.npmjs.org/call-bound cache-miss
536 silly fetch manifest get-intrinsic@^1.2.5
537 silly packumentCache full:https://registry.npmjs.org/get-intrinsic cache-miss
538 silly fetch manifest call-bound@^1.0.2
539 silly packumentCache full:https://registry.npmjs.org/call-bound cache-miss
540 silly fetch manifest get-intrinsic@^1.2.5
541 silly packumentCache full:https://registry.npmjs.org/get-intrinsic cache-miss
542 http fetch GET 200 https://registry.npmjs.org/call-bound 45ms (cache miss)
543 silly packumentCache full:https://registry.npmjs.org/call-bound set size:undefined disposed:false
544 http fetch GET 200 https://registry.npmjs.org/get-intrinsic 53ms (cache miss)
545 silly packumentCache full:https://registry.npmjs.org/get-intrinsic set size:undefined disposed:false
546 http fetch GET 200 https://registry.npmjs.org/call-bound 56ms (cache miss)
547 silly packumentCache full:https://registry.npmjs.org/call-bound set size:undefined disposed:false
548 http fetch GET 200 https://registry.npmjs.org/get-intrinsic 57ms (cache miss)
549 silly packumentCache full:https://registry.npmjs.org/get-intrinsic set size:undefined disposed:false
550 silly placeDep ROOT call-bound@1.0.4 OK for: side-channel-map@1.0.1 want: ^1.0.2
551 silly placeDep ROOT get-intrinsic@1.3.0 OK for: side-channel-map@1.0.1 want: ^1.2.5
552 silly fetch manifest call-bind-apply-helpers@^1.0.2
553 silly packumentCache full:https://registry.npmjs.org/call-bind-apply-helpers cache-miss
554 silly fetch manifest get-intrinsic@^1.3.0
555 silly packumentCache full:https://registry.npmjs.org/get-intrinsic cache-miss
556 silly fetch manifest gopd@^1.2.0
557 silly packumentCache full:https://registry.npmjs.org/gopd cache-miss
558 silly fetch manifest hasown@^2.0.2
559 silly packumentCache full:https://registry.npmjs.org/hasown cache-miss
560 silly fetch manifest get-proto@^1.0.1
561 silly packumentCache full:https://registry.npmjs.org/get-proto cache-miss
562 silly fetch manifest has-symbols@^1.1.0
563 silly packumentCache full:https://registry.npmjs.org/has-symbols cache-miss
564 silly fetch manifest function-bind@^1.1.2
565 silly packumentCache full:https://registry.npmjs.org/function-bind cache-miss
566 silly fetch manifest es-object-atoms@^1.1.1
567 silly packumentCache full:https://registry.npmjs.org/es-object-atoms cache-miss
568 silly fetch manifest math-intrinsics@^1.1.0
569 silly packumentCache full:https://registry.npmjs.org/math-intrinsics cache-miss
570 silly fetch manifest call-bind-apply-helpers@^1.0.2
571 silly packumentCache full:https://registry.npmjs.org/call-bind-apply-helpers cache-miss
572 http cache https://registry.npmjs.org/get-intrinsic 14ms (cache hit)
573 silly packumentCache full:https://registry.npmjs.org/get-intrinsic set size:60985 disposed:false
574 http fetch GET 200 https://registry.npmjs.org/call-bind-apply-helpers 56ms (cache miss)
575 silly packumentCache full:https://registry.npmjs.org/call-bind-apply-helpers set size:undefined disposed:false
576 http fetch GET 200 https://registry.npmjs.org/call-bind-apply-helpers 60ms (cache miss)
577 silly packumentCache full:https://registry.npmjs.org/call-bind-apply-helpers set size:undefined disposed:false
578 http fetch GET 200 https://registry.npmjs.org/gopd 64ms (cache miss)
579 silly packumentCache full:https://registry.npmjs.org/gopd set size:undefined disposed:false
580 http fetch GET 200 https://registry.npmjs.org/function-bind 65ms (cache miss)
581 silly packumentCache full:https://registry.npmjs.org/function-bind set size:undefined disposed:false
582 http fetch GET 200 https://registry.npmjs.org/has-symbols 67ms (cache miss)
583 silly packumentCache full:https://registry.npmjs.org/has-symbols set size:undefined disposed:false
584 http fetch GET 200 https://registry.npmjs.org/get-proto 70ms (cache miss)
585 silly packumentCache full:https://registry.npmjs.org/get-proto set size:undefined disposed:false
586 http fetch GET 200 https://registry.npmjs.org/es-object-atoms 70ms (cache miss)
587 silly packumentCache full:https://registry.npmjs.org/es-object-atoms set size:undefined disposed:false
588 http fetch GET 200 https://registry.npmjs.org/hasown 72ms (cache miss)
589 silly packumentCache full:https://registry.npmjs.org/hasown set size:undefined disposed:false
590 http fetch GET 200 https://registry.npmjs.org/math-intrinsics 72ms (cache miss)
591 silly packumentCache full:https://registry.npmjs.org/math-intrinsics set size:undefined disposed:false
592 silly placeDep ROOT call-bind-apply-helpers@1.0.2 OK for: call-bound@1.0.4 want: ^1.0.2
593 silly placeDep ROOT function-bind@1.1.2 OK for: call-bind-apply-helpers@1.0.2 want: ^1.1.2
594 silly placeDep ROOT es-object-atoms@1.1.2 OK for: get-intrinsic@1.3.0 want: ^1.1.1
595 silly placeDep ROOT get-proto@1.0.1 OK for: get-intrinsic@1.3.0 want: ^1.0.1
596 silly placeDep ROOT gopd@1.2.0 OK for: get-intrinsic@1.3.0 want: ^1.2.0
597 silly placeDep ROOT has-symbols@1.1.0 OK for: get-intrinsic@1.3.0 want: ^1.1.0
598 silly placeDep ROOT hasown@2.0.4 OK for: get-intrinsic@1.3.0 want: ^2.0.2
599 silly placeDep ROOT math-intrinsics@1.1.0 OK for: get-intrinsic@1.3.0 want: ^1.1.0
600 silly fetch manifest dunder-proto@^1.0.1
601 silly packumentCache full:https://registry.npmjs.org/dunder-proto cache-miss
602 http fetch GET 200 https://registry.npmjs.org/dunder-proto 49ms (cache miss)
603 silly packumentCache full:https://registry.npmjs.org/dunder-proto set size:undefined disposed:false
604 silly placeDep ROOT dunder-proto@1.0.1 OK for: get-proto@1.0.1 want: ^1.0.1
605 silly placeDep ROOT has-flag@3.0.0 OK for: supports-color@5.5.0 want: ^3.0.0
606 silly placeDep ROOT is-number@7.0.0 OK for: to-regex-range@5.0.1 want: ^7.0.0
607 silly placeDep ROOT media-typer@0.3.0 OK for: type-is@1.6.18 want: 0.3.0
608 silly placeDep node_modules/nodemon ms@2.1.3 OK for: debug@4.4.3 want: ^2.1.3
609 silly reify moves {}
610 silly audit bulk request {
610 silly audit   cors: [ '2.8.6' ],
610 silly audit   dotenv: [ '16.6.1' ],
610 silly audit   express: [ '4.22.2' ],
610 silly audit   helmet: [ '8.3.0' ],
610 silly audit   morgan: [ '1.12.0' ],
610 silly audit   nodemon: [ '3.1.14' ],
610 silly audit   'object-assign': [ '4.1.1' ],
610 silly audit   vary: [ '1.1.2' ],
610 silly audit   accepts: [ '1.3.8' ],
610 silly audit   'array-flatten': [ '1.1.1' ],
610 silly audit   'body-parser': [ '1.20.6' ],
610 silly audit   'content-disposition': [ '0.5.4' ],
610 silly audit   'content-type': [ '1.0.5' ],
610 silly audit   cookie: [ '0.7.2' ],
610 silly audit   'cookie-signature': [ '1.0.7' ],
610 silly audit   debug: [ '2.6.9', '4.4.3' ],
610 silly audit   depd: [ '2.0.0' ],
610 silly audit   encodeurl: [ '2.0.0' ],
610 silly audit   'escape-html': [ '1.0.3' ],
610 silly audit   etag: [ '1.8.1' ],
610 silly audit   finalhandler: [ '1.3.2' ],
610 silly audit   fresh: [ '0.5.2' ],
610 silly audit   'http-errors': [ '2.0.1' ],
610 silly audit   'merge-descriptors': [ '1.0.3' ],
610 silly audit   methods: [ '1.1.2' ],
610 silly audit   'on-finished': [ '2.4.1' ],
610 silly audit   parseurl: [ '1.3.3' ],
610 silly audit   'path-to-regexp': [ '0.1.13' ],
610 silly audit   'proxy-addr': [ '2.0.7' ],
610 silly audit   qs: [ '6.15.3' ],
610 silly audit   'range-parser': [ '1.2.1' ],
610 silly audit   'safe-buffer': [ '5.2.1', '5.1.2' ],
610 silly audit   send: [ '0.19.2' ],
610 silly audit   'serve-static': [ '1.16.3' ],
610 silly audit   setprototypeof: [ '1.2.0' ],
610 silly audit   statuses: [ '2.0.2' ],
610 silly audit   'type-is': [ '1.6.18' ],
610 silly audit   'utils-merge': [ '1.0.1' ],
610 silly audit   'mime-types': [ '2.1.35' ],
610 silly audit   negotiator: [ '0.6.3' ],
610 silly audit   bytes: [ '3.1.2' ],
610 silly audit   destroy: [ '1.2.0' ],
610 silly audit   'iconv-lite': [ '0.4.24' ],
610 silly audit   'raw-body': [ '2.5.3' ],
610 silly audit   unpipe: [ '1.0.0' ],
610 silly audit   ms: [ '2.0.0', '2.1.3' ],
610 silly audit   inherits: [ '2.0.4' ],
610 silly audit   toidentifier: [ '1.0.1' ],
610 silly audit   'safer-buffer': [ '2.1.2' ],
610 silly audit   'mime-db': [ '1.52.0' ],
610 silly audit   'basic-auth': [ '2.0.1' ],
610 silly audit   'on-headers': [ '1.1.0' ],
610 silly audit   chokidar: [ '3.6.0' ],
610 silly audit   'ignore-by-default': [ '1.0.1' ],
610 silly audit   minimatch: [ '10.2.6' ],
610 silly audit   'pstree.remy': [ '1.1.8' ],
610 silly audit   semver: [ '7.8.5' ],
610 silly audit   'simple-update-notifier': [ '2.0.0' ],
610 silly audit   'supports-color': [ '5.5.0' ],
610 silly audit   touch: [ '3.1.1' ],
610 silly audit   undefsafe: [ '2.0.5' ],
610 silly audit   anymatch: [ '3.1.3' ],
610 silly audit   braces: [ '3.0.3' ],
610 silly audit   fsevents: [ '2.3.3' ],
610 silly audit   'glob-parent': [ '5.1.2' ],
610 silly audit   'is-binary-path': [ '2.1.0' ],
610 silly audit   'is-glob': [ '4.0.3' ],
610 silly audit   'normalize-path': [ '3.0.0' ],
610 silly audit   readdirp: [ '3.6.0' ],
610 silly audit   picomatch: [ '2.3.2' ],
610 silly audit   'fill-range': [ '7.1.1' ],
610 silly audit   'to-regex-range': [ '5.0.1' ],
610 silly audit   'binary-extensions': [ '2.3.0' ],
610 silly audit   'is-extglob': [ '2.1.1' ],
610 silly audit   'brace-expansion': [ '5.0.9' ],
610 silly audit   'balanced-match': [ '4.0.4' ],
610 silly audit   'ee-first': [ '1.1.1' ],
610 silly audit   forwarded: [ '0.2.0' ],
610 silly audit   'ipaddr.js': [ '1.9.1' ],
610 silly audit   'es-define-property': [ '1.0.1' ],
610 silly audit   'side-channel': [ '1.1.1' ],
610 silly audit   mime: [ '1.6.0' ],
610 silly audit   'es-errors': [ '1.3.0' ],
610 silly audit   'object-inspect': [ '1.13.4' ],
610 silly audit   'side-channel-list': [ '1.0.1' ],
610 silly audit   'side-channel-map': [ '1.0.1' ],
610 silly audit   'side-channel-weakmap': [ '1.0.2' ],
610 silly audit   'call-bound': [ '1.0.4' ],
610 silly audit   'get-intrinsic': [ '1.3.0' ],
610 silly audit   'call-bind-apply-helpers': [ '1.0.2' ],
610 silly audit   'function-bind': [ '1.1.2' ],
610 silly audit   'es-object-atoms': [ '1.1.2' ],
610 silly audit   'get-proto': [ '1.0.1' ],
610 silly audit   gopd: [ '1.2.0' ],
610 silly audit   'has-symbols': [ '1.1.0' ],
610 silly audit   hasown: [ '2.0.4' ],
610 silly audit   'math-intrinsics': [ '1.1.0' ],
610 silly audit   'dunder-proto': [ '1.0.1' ],
610 silly audit   'has-flag': [ '3.0.0' ],
610 silly audit   'is-number': [ '7.0.0' ],
610 silly audit   'media-typer': [ '0.3.0' ]
610 silly audit }
611 http cache media-typer@https://registry.npmjs.org/media-typer/-/media-typer-0.3.0.tgz 0ms (cache hit)
612 http cache is-number@https://registry.npmjs.org/is-number/-/is-number-7.0.0.tgz 0ms (cache hit)
613 http cache has-flag@https://registry.npmjs.org/has-flag/-/has-flag-3.0.0.tgz 0ms (cache hit)
614 http cache dunder-proto@https://registry.npmjs.org/dunder-proto/-/dunder-proto-1.0.1.tgz 0ms (cache hit)
615 http cache hasown@https://registry.npmjs.org/hasown/-/hasown-2.0.4.tgz 0ms (cache hit)
616 http cache has-symbols@https://registry.npmjs.org/has-symbols/-/has-symbols-1.1.0.tgz 0ms (cache hit)
617 http cache gopd@https://registry.npmjs.org/gopd/-/gopd-1.2.0.tgz 0ms (cache hit)
618 http cache math-intrinsics@https://registry.npmjs.org/math-intrinsics/-/math-intrinsics-1.1.0.tgz 0ms (cache hit)
619 http cache get-proto@https://registry.npmjs.org/get-proto/-/get-proto-1.0.1.tgz 0ms (cache hit)
620 http cache get-intrinsic@https://registry.npmjs.org/get-intrinsic/-/get-intrinsic-1.3.0.tgz 0ms (cache hit)
621 http cache call-bound@https://registry.npmjs.org/call-bound/-/call-bound-1.0.4.tgz 0ms (cache hit)
622 http cache function-bind@https://registry.npmjs.org/function-bind/-/function-bind-1.1.2.tgz 0ms (cache hit)
623 http cache es-object-atoms@https://registry.npmjs.org/es-object-atoms/-/es-object-atoms-1.1.2.tgz 0ms (cache hit)
624 http cache side-channel-map@https://registry.npmjs.org/side-channel-map/-/side-channel-map-1.0.1.tgz 0ms (cache hit)
625 http cache side-channel-list@https://registry.npmjs.org/side-channel-list/-/side-channel-list-1.0.1.tgz 0ms (cache hit)
626 http cache object-inspect@https://registry.npmjs.org/object-inspect/-/object-inspect-1.13.4.tgz 0ms (cache hit)
627 http cache side-channel@https://registry.npmjs.org/side-channel/-/side-channel-1.1.1.tgz 0ms (cache hit)
628 http cache es-errors@https://registry.npmjs.org/es-errors/-/es-errors-1.3.0.tgz 0ms (cache hit)
629 http cache mime@https://registry.npmjs.org/mime/-/mime-1.6.0.tgz 0ms (cache hit)
630 http cache side-channel-weakmap@https://registry.npmjs.org/side-channel-weakmap/-/side-channel-weakmap-1.0.2.tgz 0ms (cache hit)
631 http cache es-define-property@https://registry.npmjs.org/es-define-property/-/es-define-property-1.0.1.tgz 0ms (cache hit)
632 http cache ipaddr.js@https://registry.npmjs.org/ipaddr.js/-/ipaddr.js-1.9.1.tgz 0ms (cache hit)
633 http cache forwarded@https://registry.npmjs.org/forwarded/-/forwarded-0.2.0.tgz 0ms (cache hit)
634 http cache ee-first@https://registry.npmjs.org/ee-first/-/ee-first-1.1.1.tgz 0ms (cache hit)
635 http cache balanced-match@https://registry.npmjs.org/balanced-match/-/balanced-match-4.0.4.tgz 0ms (cache hit)
636 http cache brace-expansion@https://registry.npmjs.org/brace-expansion/-/brace-expansion-5.0.9.tgz 0ms (cache hit)
637 http cache is-extglob@https://registry.npmjs.org/is-extglob/-/is-extglob-2.1.1.tgz 0ms (cache hit)
638 http cache to-regex-range@https://registry.npmjs.org/to-regex-range/-/to-regex-range-5.0.1.tgz 0ms (cache hit)
639 http cache binary-extensions@https://registry.npmjs.org/binary-extensions/-/binary-extensions-2.3.0.tgz 0ms (cache hit)
640 http cache fill-range@https://registry.npmjs.org/fill-range/-/fill-range-7.1.1.tgz 0ms (cache hit)
641 http cache picomatch@https://registry.npmjs.org/picomatch/-/picomatch-2.3.2.tgz 0ms (cache hit)
642 http cache readdirp@https://registry.npmjs.org/readdirp/-/readdirp-3.6.0.tgz 0ms (cache hit)
643 http cache normalize-path@https://registry.npmjs.org/normalize-path/-/normalize-path-3.0.0.tgz 0ms (cache hit)
644 http cache call-bind-apply-helpers@https://registry.npmjs.org/call-bind-apply-helpers/-/call-bind-apply-helpers-1.0.2.tgz 0ms (cache hit)
645 http cache is-glob@https://registry.npmjs.org/is-glob/-/is-glob-4.0.3.tgz 0ms (cache hit)
646 http cache is-binary-path@https://registry.npmjs.org/is-binary-path/-/is-binary-path-2.1.0.tgz 0ms (cache hit)
647 http cache glob-parent@https://registry.npmjs.org/glob-parent/-/glob-parent-5.1.2.tgz 0ms (cache hit)
648 http cache anymatch@https://registry.npmjs.org/anymatch/-/anymatch-3.1.3.tgz 0ms (cache hit)
649 http cache braces@https://registry.npmjs.org/braces/-/braces-3.0.3.tgz 0ms (cache hit)
650 http cache touch@https://registry.npmjs.org/touch/-/touch-3.1.1.tgz 0ms (cache hit)
651 http cache undefsafe@https://registry.npmjs.org/undefsafe/-/undefsafe-2.0.5.tgz 0ms (cache hit)
652 http cache semver@https://registry.npmjs.org/semver/-/semver-7.8.5.tgz 0ms (cache hit)
653 http cache simple-update-notifier@https://registry.npmjs.org/simple-update-notifier/-/simple-update-notifier-2.0.0.tgz 0ms (cache hit)
654 http cache pstree.remy@https://registry.npmjs.org/pstree.remy/-/pstree.remy-1.1.8.tgz 0ms (cache hit)
655 http cache supports-color@https://registry.npmjs.org/supports-color/-/supports-color-5.5.0.tgz 0ms (cache hit)
656 http cache on-headers@https://registry.npmjs.org/on-headers/-/on-headers-1.1.0.tgz 0ms (cache hit)
657 http cache minimatch@https://registry.npmjs.org/minimatch/-/minimatch-10.2.6.tgz 0ms (cache hit)
658 http cache mime-db@https://registry.npmjs.org/mime-db/-/mime-db-1.52.0.tgz 0ms (cache hit)
659 http cache basic-auth@https://registry.npmjs.org/basic-auth/-/basic-auth-2.0.1.tgz 0ms (cache hit)
660 http cache safer-buffer@https://registry.npmjs.org/safer-buffer/-/safer-buffer-2.1.2.tgz 0ms (cache hit)
661 http cache inherits@https://registry.npmjs.org/inherits/-/inherits-2.0.4.tgz 0ms (cache hit)
662 http cache toidentifier@https://registry.npmjs.org/toidentifier/-/toidentifier-1.0.1.tgz 0ms (cache hit)
663 http cache unpipe@https://registry.npmjs.org/unpipe/-/unpipe-1.0.0.tgz 0ms (cache hit)
664 http cache ms@https://registry.npmjs.org/ms/-/ms-2.0.0.tgz 0ms (cache hit)
665 http cache ignore-by-default@https://registry.npmjs.org/ignore-by-default/-/ignore-by-default-1.0.1.tgz 0ms (cache hit)
666 http cache raw-body@https://registry.npmjs.org/raw-body/-/raw-body-2.5.3.tgz 0ms (cache hit)
667 http cache chokidar@https://registry.npmjs.org/chokidar/-/chokidar-3.6.0.tgz 0ms (cache hit)
668 http cache negotiator@https://registry.npmjs.org/negotiator/-/negotiator-0.6.3.tgz 0ms (cache hit)
669 http cache bytes@https://registry.npmjs.org/bytes/-/bytes-3.1.2.tgz 0ms (cache hit)
670 http cache iconv-lite@https://registry.npmjs.org/iconv-lite/-/iconv-lite-0.4.24.tgz 0ms (cache hit)
671 http cache utils-merge@https://registry.npmjs.org/utils-merge/-/utils-merge-1.0.1.tgz 0ms (cache hit)
672 http cache mime-types@https://registry.npmjs.org/mime-types/-/mime-types-2.1.35.tgz 0ms (cache hit)
673 http cache type-is@https://registry.npmjs.org/type-is/-/type-is-1.6.18.tgz 0ms (cache hit)
674 http cache statuses@https://registry.npmjs.org/statuses/-/statuses-2.0.2.tgz 0ms (cache hit)
675 http cache destroy@https://registry.npmjs.org/destroy/-/destroy-1.2.0.tgz 0ms (cache hit)
676 http cache setprototypeof@https://registry.npmjs.org/setprototypeof/-/setprototypeof-1.2.0.tgz 0ms (cache hit)
677 http cache serve-static@https://registry.npmjs.org/serve-static/-/serve-static-1.16.3.tgz 0ms (cache hit)
678 http cache safe-buffer@https://registry.npmjs.org/safe-buffer/-/safe-buffer-5.2.1.tgz 0ms (cache hit)
679 http cache range-parser@https://registry.npmjs.org/range-parser/-/range-parser-1.2.1.tgz 0ms (cache hit)
680 http cache path-to-regexp@https://registry.npmjs.org/path-to-regexp/-/path-to-regexp-0.1.13.tgz 0ms (cache hit)
681 http cache proxy-addr@https://registry.npmjs.org/proxy-addr/-/proxy-addr-2.0.7.tgz 0ms (cache hit)
682 http cache qs@https://registry.npmjs.org/qs/-/qs-6.15.3.tgz 0ms (cache hit)
683 http cache parseurl@https://registry.npmjs.org/parseurl/-/parseurl-1.3.3.tgz 0ms (cache hit)
684 http cache methods@https://registry.npmjs.org/methods/-/methods-1.1.2.tgz 0ms (cache hit)
685 http cache on-finished@https://registry.npmjs.org/on-finished/-/on-finished-2.4.1.tgz 0ms (cache hit)
686 http cache fresh@https://registry.npmjs.org/fresh/-/fresh-0.5.2.tgz 0ms (cache hit)
687 http cache merge-descriptors@https://registry.npmjs.org/merge-descriptors/-/merge-descriptors-1.0.3.tgz 0ms (cache hit)
688 http cache send@https://registry.npmjs.org/send/-/send-0.19.2.tgz 0ms (cache hit)
689 http cache http-errors@https://registry.npmjs.org/http-errors/-/http-errors-2.0.1.tgz 0ms (cache hit)
690 http cache escape-html@https://registry.npmjs.org/escape-html/-/escape-html-1.0.3.tgz 0ms (cache hit)
691 http cache finalhandler@https://registry.npmjs.org/finalhandler/-/finalhandler-1.3.2.tgz 0ms (cache hit)
692 http cache debug@https://registry.npmjs.org/debug/-/debug-2.6.9.tgz 0ms (cache hit)
693 http cache encodeurl@https://registry.npmjs.org/encodeurl/-/encodeurl-2.0.0.tgz 0ms (cache hit)
694 http cache cookie@https://registry.npmjs.org/cookie/-/cookie-0.7.2.tgz 0ms (cache hit)
695 http cache cookie-signature@https://registry.npmjs.org/cookie-signature/-/cookie-signature-1.0.7.tgz 0ms (cache hit)
696 http cache depd@https://registry.npmjs.org/depd/-/depd-2.0.0.tgz 0ms (cache hit)
697 http cache content-type@https://registry.npmjs.org/content-type/-/content-type-1.0.5.tgz 0ms (cache hit)
698 http cache content-disposition@https://registry.npmjs.org/content-disposition/-/content-disposition-0.5.4.tgz 0ms (cache hit)
699 http cache etag@https://registry.npmjs.org/etag/-/etag-1.8.1.tgz 0ms (cache hit)
700 http cache array-flatten@https://registry.npmjs.org/array-flatten/-/array-flatten-1.1.1.tgz 0ms (cache hit)
701 http cache body-parser@https://registry.npmjs.org/body-parser/-/body-parser-1.20.6.tgz 0ms (cache hit)
702 http cache vary@https://registry.npmjs.org/vary/-/vary-1.1.2.tgz 0ms (cache hit)
703 http cache accepts@https://registry.npmjs.org/accepts/-/accepts-1.3.8.tgz 0ms (cache hit)
704 http cache object-assign@https://registry.npmjs.org/object-assign/-/object-assign-4.1.1.tgz 0ms (cache hit)
705 http cache nodemon@https://registry.npmjs.org/nodemon/-/nodemon-3.1.14.tgz 0ms (cache hit)
706 http cache helmet@https://registry.npmjs.org/helmet/-/helmet-8.3.0.tgz 0ms (cache hit)
707 http cache morgan@https://registry.npmjs.org/morgan/-/morgan-1.12.0.tgz 0ms (cache hit)
708 http cache safe-buffer@https://registry.npmjs.org/safe-buffer/-/safe-buffer-5.1.2.tgz 0ms (cache hit)
709 http cache ms@https://registry.npmjs.org/ms/-/ms-2.1.3.tgz 0ms (cache hit)
710 http cache express@https://registry.npmjs.org/express/-/express-4.22.2.tgz 0ms (cache hit)
711 http cache dotenv@https://registry.npmjs.org/dotenv/-/dotenv-16.6.1.tgz 0ms (cache hit)
712 silly tarball no local data for media-typer@https://registry.npmjs.org/media-typer/-/media-typer-0.3.0.tgz. Extracting by manifest.
713 silly tarball no local data for is-number@https://registry.npmjs.org/is-number/-/is-number-7.0.0.tgz. Extracting by manifest.
714 silly tarball no local data for has-flag@https://registry.npmjs.org/has-flag/-/has-flag-3.0.0.tgz. Extracting by manifest.
715 silly tarball no local data for dunder-proto@https://registry.npmjs.org/dunder-proto/-/dunder-proto-1.0.1.tgz. Extracting by manifest.
716 silly tarball no local data for hasown@https://registry.npmjs.org/hasown/-/hasown-2.0.4.tgz. Extracting by manifest.
717 http cache ms@https://registry.npmjs.org/ms/-/ms-2.1.3.tgz 0ms (cache hit)
718 silly tarball no local data for has-symbols@https://registry.npmjs.org/has-symbols/-/has-symbols-1.1.0.tgz. Extracting by manifest.
719 http cache debug@https://registry.npmjs.org/debug/-/debug-4.4.3.tgz 0ms (cache hit)
720 silly tarball no local data for gopd@https://registry.npmjs.org/gopd/-/gopd-1.2.0.tgz. Extracting by manifest.
721 silly tarball no local data for math-intrinsics@https://registry.npmjs.org/math-intrinsics/-/math-intrinsics-1.1.0.tgz. Extracting by manifest.
722 silly tarball no local data for get-proto@https://registry.npmjs.org/get-proto/-/get-proto-1.0.1.tgz. Extracting by manifest.
723 http cache cors@https://registry.npmjs.org/cors/-/cors-2.8.6.tgz 0ms (cache hit)
724 silly tarball no local data for get-intrinsic@https://registry.npmjs.org/get-intrinsic/-/get-intrinsic-1.3.0.tgz. Extracting by manifest.
725 silly tarball no local data for call-bound@https://registry.npmjs.org/call-bound/-/call-bound-1.0.4.tgz. Extracting by manifest.
726 silly tarball no local data for function-bind@https://registry.npmjs.org/function-bind/-/function-bind-1.1.2.tgz. Extracting by manifest.
727 silly tarball no local data for es-object-atoms@https://registry.npmjs.org/es-object-atoms/-/es-object-atoms-1.1.2.tgz. Extracting by manifest.
728 silly tarball no local data for side-channel-map@https://registry.npmjs.org/side-channel-map/-/side-channel-map-1.0.1.tgz. Extracting by manifest.
729 silly tarball no local data for side-channel-list@https://registry.npmjs.org/side-channel-list/-/side-channel-list-1.0.1.tgz. Extracting by manifest.
730 silly tarball no local data for object-inspect@https://registry.npmjs.org/object-inspect/-/object-inspect-1.13.4.tgz. Extracting by manifest.
731 silly tarball no local data for side-channel@https://registry.npmjs.org/side-channel/-/side-channel-1.1.1.tgz. Extracting by manifest.
732 silly tarball no local data for es-errors@https://registry.npmjs.org/es-errors/-/es-errors-1.3.0.tgz. Extracting by manifest.
733 silly tarball no local data for mime@https://registry.npmjs.org/mime/-/mime-1.6.0.tgz. Extracting by manifest.
734 silly tarball no local data for side-channel-weakmap@https://registry.npmjs.org/side-channel-weakmap/-/side-channel-weakmap-1.0.2.tgz. Extracting by manifest.
735 silly tarball no local data for es-define-property@https://registry.npmjs.org/es-define-property/-/es-define-property-1.0.1.tgz. Extracting by manifest.
736 silly tarball no local data for ipaddr.js@https://registry.npmjs.org/ipaddr.js/-/ipaddr.js-1.9.1.tgz. Extracting by manifest.
737 silly tarball no local data for forwarded@https://registry.npmjs.org/forwarded/-/forwarded-0.2.0.tgz. Extracting by manifest.
738 silly tarball no local data for ee-first@https://registry.npmjs.org/ee-first/-/ee-first-1.1.1.tgz. Extracting by manifest.
739 silly tarball no local data for balanced-match@https://registry.npmjs.org/balanced-match/-/balanced-match-4.0.4.tgz. Extracting by manifest.
740 silly tarball no local data for brace-expansion@https://registry.npmjs.org/brace-expansion/-/brace-expansion-5.0.9.tgz. Extracting by manifest.
741 silly tarball no local data for is-extglob@https://registry.npmjs.org/is-extglob/-/is-extglob-2.1.1.tgz. Extracting by manifest.
742 silly tarball no local data for to-regex-range@https://registry.npmjs.org/to-regex-range/-/to-regex-range-5.0.1.tgz. Extracting by manifest.
743 silly tarball no local data for binary-extensions@https://registry.npmjs.org/binary-extensions/-/binary-extensions-2.3.0.tgz. Extracting by manifest.
744 silly tarball no local data for fill-range@https://registry.npmjs.org/fill-range/-/fill-range-7.1.1.tgz. Extracting by manifest.
745 silly tarball no local data for picomatch@https://registry.npmjs.org/picomatch/-/picomatch-2.3.2.tgz. Extracting by manifest.
746 silly tarball no local data for readdirp@https://registry.npmjs.org/readdirp/-/readdirp-3.6.0.tgz. Extracting by manifest.
747 silly tarball no local data for normalize-path@https://registry.npmjs.org/normalize-path/-/normalize-path-3.0.0.tgz. Extracting by manifest.
748 silly tarball no local data for call-bind-apply-helpers@https://registry.npmjs.org/call-bind-apply-helpers/-/call-bind-apply-helpers-1.0.2.tgz. Extracting by manifest.
749 silly tarball no local data for is-glob@https://registry.npmjs.org/is-glob/-/is-glob-4.0.3.tgz. Extracting by manifest.
750 silly tarball no local data for is-binary-path@https://registry.npmjs.org/is-binary-path/-/is-binary-path-2.1.0.tgz. Extracting by manifest.
751 silly tarball no local data for glob-parent@https://registry.npmjs.org/glob-parent/-/glob-parent-5.1.2.tgz. Extracting by manifest.
752 silly tarball no local data for anymatch@https://registry.npmjs.org/anymatch/-/anymatch-3.1.3.tgz. Extracting by manifest.
753 silly tarball no local data for braces@https://registry.npmjs.org/braces/-/braces-3.0.3.tgz. Extracting by manifest.
754 silly tarball no local data for touch@https://registry.npmjs.org/touch/-/touch-3.1.1.tgz. Extracting by manifest.
755 silly tarball no local data for undefsafe@https://registry.npmjs.org/undefsafe/-/undefsafe-2.0.5.tgz. Extracting by manifest.
756 silly tarball no local data for semver@https://registry.npmjs.org/semver/-/semver-7.8.5.tgz. Extracting by manifest.
757 silly tarball no local data for simple-update-notifier@https://registry.npmjs.org/simple-update-notifier/-/simple-update-notifier-2.0.0.tgz. Extracting by manifest.
758 silly tarball no local data for pstree.remy@https://registry.npmjs.org/pstree.remy/-/pstree.remy-1.1.8.tgz. Extracting by manifest.
759 silly tarball no local data for supports-color@https://registry.npmjs.org/supports-color/-/supports-color-5.5.0.tgz. Extracting by manifest.
760 silly tarball no local data for on-headers@https://registry.npmjs.org/on-headers/-/on-headers-1.1.0.tgz. Extracting by manifest.
761 silly tarball no local data for minimatch@https://registry.npmjs.org/minimatch/-/minimatch-10.2.6.tgz. Extracting by manifest.
762 silly tarball no local data for mime-db@https://registry.npmjs.org/mime-db/-/mime-db-1.52.0.tgz. Extracting by manifest.
763 silly tarball no local data for basic-auth@https://registry.npmjs.org/basic-auth/-/basic-auth-2.0.1.tgz. Extracting by manifest.
764 silly tarball no local data for safer-buffer@https://registry.npmjs.org/safer-buffer/-/safer-buffer-2.1.2.tgz. Extracting by manifest.
765 silly tarball no local data for inherits@https://registry.npmjs.org/inherits/-/inherits-2.0.4.tgz. Extracting by manifest.
766 silly tarball no local data for toidentifier@https://registry.npmjs.org/toidentifier/-/toidentifier-1.0.1.tgz. Extracting by manifest.
767 silly tarball no local data for unpipe@https://registry.npmjs.org/unpipe/-/unpipe-1.0.0.tgz. Extracting by manifest.
768 silly tarball no local data for ms@https://registry.npmjs.org/ms/-/ms-2.0.0.tgz. Extracting by manifest.
769 silly tarball no local data for ignore-by-default@https://registry.npmjs.org/ignore-by-default/-/ignore-by-default-1.0.1.tgz. Extracting by manifest.
770 silly tarball no local data for raw-body@https://registry.npmjs.org/raw-body/-/raw-body-2.5.3.tgz. Extracting by manifest.
771 silly tarball no local data for chokidar@https://registry.npmjs.org/chokidar/-/chokidar-3.6.0.tgz. Extracting by manifest.
772 silly tarball no local data for negotiator@https://registry.npmjs.org/negotiator/-/negotiator-0.6.3.tgz. Extracting by manifest.
773 silly tarball no local data for bytes@https://registry.npmjs.org/bytes/-/bytes-3.1.2.tgz. Extracting by manifest.
774 silly tarball no local data for iconv-lite@https://registry.npmjs.org/iconv-lite/-/iconv-lite-0.4.24.tgz. Extracting by manifest.
775 silly tarball no local data for utils-merge@https://registry.npmjs.org/utils-merge/-/utils-merge-1.0.1.tgz. Extracting by manifest.
776 silly tarball no local data for mime-types@https://registry.npmjs.org/mime-types/-/mime-types-2.1.35.tgz. Extracting by manifest.
777 silly tarball no local data for type-is@https://registry.npmjs.org/type-is/-/type-is-1.6.18.tgz. Extracting by manifest.
778 silly tarball no local data for statuses@https://registry.npmjs.org/statuses/-/statuses-2.0.2.tgz. Extracting by manifest.
779 silly tarball no local data for destroy@https://registry.npmjs.org/destroy/-/destroy-1.2.0.tgz. Extracting by manifest.
780 silly tarball no local data for setprototypeof@https://registry.npmjs.org/setprototypeof/-/setprototypeof-1.2.0.tgz. Extracting by manifest.
781 silly tarball no local data for serve-static@https://registry.npmjs.org/serve-static/-/serve-static-1.16.3.tgz. Extracting by manifest.
782 silly tarball no local data for safe-buffer@https://registry.npmjs.org/safe-buffer/-/safe-buffer-5.2.1.tgz. Extracting by manifest.
783 silly tarball no local data for range-parser@https://registry.npmjs.org/range-parser/-/range-parser-1.2.1.tgz. Extracting by manifest.
784 silly tarball no local data for path-to-regexp@https://registry.npmjs.org/path-to-regexp/-/path-to-regexp-0.1.13.tgz. Extracting by manifest.
785 silly tarball no local data for proxy-addr@https://registry.npmjs.org/proxy-addr/-/proxy-addr-2.0.7.tgz. Extracting by manifest.
786 silly tarball no local data for qs@https://registry.npmjs.org/qs/-/qs-6.15.3.tgz. Extracting by manifest.
787 silly tarball no local data for parseurl@https://registry.npmjs.org/parseurl/-/parseurl-1.3.3.tgz. Extracting by manifest.
788 silly tarball no local data for methods@https://registry.npmjs.org/methods/-/methods-1.1.2.tgz. Extracting by manifest.
789 silly tarball no local data for on-finished@https://registry.npmjs.org/on-finished/-/on-finished-2.4.1.tgz. Extracting by manifest.
790 silly tarball no local data for fresh@https://registry.npmjs.org/fresh/-/fresh-0.5.2.tgz. Extracting by manifest.
791 silly tarball no local data for merge-descriptors@https://registry.npmjs.org/merge-descriptors/-/merge-descriptors-1.0.3.tgz. Extracting by manifest.
792 silly tarball no local data for send@https://registry.npmjs.org/send/-/send-0.19.2.tgz. Extracting by manifest.
793 silly tarball no local data for http-errors@https://registry.npmjs.org/http-errors/-/http-errors-2.0.1.tgz. Extracting by manifest.
794 silly tarball no local data for escape-html@https://registry.npmjs.org/escape-html/-/escape-html-1.0.3.tgz. Extracting by manifest.
795 silly tarball no local data for finalhandler@https://registry.npmjs.org/finalhandler/-/finalhandler-1.3.2.tgz. Extracting by manifest.
796 silly tarball no local data for debug@https://registry.npmjs.org/debug/-/debug-2.6.9.tgz. Extracting by manifest.
797 silly tarball no local data for encodeurl@https://registry.npmjs.org/encodeurl/-/encodeurl-2.0.0.tgz. Extracting by manifest.
798 silly tarball no local data for cookie@https://registry.npmjs.org/cookie/-/cookie-0.7.2.tgz. Extracting by manifest.
799 silly tarball no local data for cookie-signature@https://registry.npmjs.org/cookie-signature/-/cookie-signature-1.0.7.tgz. Extracting by manifest.
800 silly tarball no local data for depd@https://registry.npmjs.org/depd/-/depd-2.0.0.tgz. Extracting by manifest.
801 silly tarball no local data for content-type@https://registry.npmjs.org/content-type/-/content-type-1.0.5.tgz. Extracting by manifest.
802 silly tarball no local data for content-disposition@https://registry.npmjs.org/content-disposition/-/content-disposition-0.5.4.tgz. Extracting by manifest.
803 silly tarball no local data for etag@https://registry.npmjs.org/etag/-/etag-1.8.1.tgz. Extracting by manifest.
804 silly tarball no local data for array-flatten@https://registry.npmjs.org/array-flatten/-/array-flatten-1.1.1.tgz. Extracting by manifest.
805 silly tarball no local data for body-parser@https://registry.npmjs.org/body-parser/-/body-parser-1.20.6.tgz. Extracting by manifest.
806 silly tarball no local data for vary@https://registry.npmjs.org/vary/-/vary-1.1.2.tgz. Extracting by manifest.
807 silly tarball no local data for accepts@https://registry.npmjs.org/accepts/-/accepts-1.3.8.tgz. Extracting by manifest.
808 silly tarball no local data for object-assign@https://registry.npmjs.org/object-assign/-/object-assign-4.1.1.tgz. Extracting by manifest.
809 silly tarball no local data for nodemon@https://registry.npmjs.org/nodemon/-/nodemon-3.1.14.tgz. Extracting by manifest.
810 silly tarball no local data for helmet@https://registry.npmjs.org/helmet/-/helmet-8.3.0.tgz. Extracting by manifest.
811 silly tarball no local data for morgan@https://registry.npmjs.org/morgan/-/morgan-1.12.0.tgz. Extracting by manifest.
812 silly tarball no local data for safe-buffer@https://registry.npmjs.org/safe-buffer/-/safe-buffer-5.1.2.tgz. Extracting by manifest.
813 silly tarball no local data for ms@https://registry.npmjs.org/ms/-/ms-2.1.3.tgz. Extracting by manifest.
814 silly tarball no local data for express@https://registry.npmjs.org/express/-/express-4.22.2.tgz. Extracting by manifest.
815 silly tarball no local data for dotenv@https://registry.npmjs.org/dotenv/-/dotenv-16.6.1.tgz. Extracting by manifest.
816 silly tarball no local data for ms@https://registry.npmjs.org/ms/-/ms-2.1.3.tgz. Extracting by manifest.
817 silly tarball no local data for debug@https://registry.npmjs.org/debug/-/debug-4.4.3.tgz. Extracting by manifest.
818 silly tarball no local data for cors@https://registry.npmjs.org/cors/-/cors-2.8.6.tgz. Extracting by manifest.
819 http fetch POST 200 https://registry.npmjs.org/-/npm/v1/security/advisories/bulk 257ms
820 silly audit report {
820 silly audit report   qs: [
820 silly audit report     {
820 silly audit report       id: 1158506,
820 silly audit report       url: 'https://github.com/advisories/GHSA-x5fp-wj9c-mxmx',
820 silly audit report       title: 'qs array-limit bypass via bracket-key comma parsing',
820 silly audit report       severity: 'moderate',
820 silly audit report       vulnerable_versions: '>=6.14.2 <=6.15.3',
820 silly audit report       cwe: [Array],
820 silly audit report       cvss: [Object]
820 silly audit report     },
820 silly audit report     {
820 silly audit report       id: 1158507,
820 silly audit report       url: 'https://github.com/advisories/GHSA-4mjr-xmp4-gh2g',
820 silly audit report       title: 'qs: Denial of Service via Attacker Controlled isBuffer',
820 silly audit report       severity: 'moderate',
820 silly audit report       vulnerable_versions: '>=2.2.5 <6.16.0',
820 silly audit report       cwe: [Array],
820 silly audit report       cvss: [Object]
820 silly audit report     }
820 silly audit report   ]
820 silly audit report }
821 silly packumentCache corgi:https://registry.npmjs.org/qs cache-miss
822 http fetch GET 200 https://registry.npmjs.org/has-flag/-/has-flag-3.0.0.tgz 310ms (cache miss)
823 http fetch GET 200 https://registry.npmjs.org/is-number/-/is-number-7.0.0.tgz 323ms (cache miss)
824 http fetch GET 200 https://registry.npmjs.org/media-typer/-/media-typer-0.3.0.tgz 333ms (cache miss)
825 http fetch GET 200 https://registry.npmjs.org/forwarded/-/forwarded-0.2.0.tgz 354ms (cache miss)
826 http fetch GET 200 https://registry.npmjs.org/ee-first/-/ee-first-1.1.1.tgz 354ms (cache miss)
827 http fetch GET 200 https://registry.npmjs.org/es-define-property/-/es-define-property-1.0.1.tgz 370ms (cache miss)
828 http fetch GET 200 https://registry.npmjs.org/binary-extensions/-/binary-extensions-2.3.0.tgz 373ms (cache miss)
829 http fetch GET 200 https://registry.npmjs.org/is-extglob/-/is-extglob-2.1.1.tgz 386ms (cache miss)
830 http fetch GET 200 https://registry.npmjs.org/to-regex-range/-/to-regex-range-5.0.1.tgz 398ms (cache miss)
831 http fetch GET 200 https://registry.npmjs.org/normalize-path/-/normalize-path-3.0.0.tgz 406ms (cache miss)
832 http fetch GET 200 https://registry.npmjs.org/is-binary-path/-/is-binary-path-2.1.0.tgz 405ms (cache miss)
833 http fetch GET 200 https://registry.npmjs.org/fill-range/-/fill-range-7.1.1.tgz 410ms (cache miss)
834 http fetch GET 200 https://registry.npmjs.org/readdirp/-/readdirp-3.6.0.tgz 434ms (cache miss)
835 http fetch GET 200 https://registry.npmjs.org/glob-parent/-/glob-parent-5.1.2.tgz 433ms (cache miss)
836 http fetch GET 200 https://registry.npmjs.org/is-glob/-/is-glob-4.0.3.tgz 444ms (cache miss)
837 http fetch GET 200 https://registry.npmjs.org/anymatch/-/anymatch-3.1.3.tgz 442ms (cache miss)
838 http fetch GET 200 https://registry.npmjs.org/supports-color/-/supports-color-5.5.0.tgz 440ms (cache miss)
839 http fetch GET 200 https://registry.npmjs.org/touch/-/touch-3.1.1.tgz 457ms (cache miss)
840 http fetch GET 200 https://registry.npmjs.org/ms/-/ms-2.0.0.tgz 448ms (cache miss)
841 http fetch GET 200 https://registry.npmjs.org/ipaddr.js/-/ipaddr.js-1.9.1.tgz 489ms (cache miss)
842 http fetch GET 200 https://registry.npmjs.org/toidentifier/-/toidentifier-1.0.1.tgz 469ms (cache miss)
843 http fetch GET 200 https://registry.npmjs.org/unpipe/-/unpipe-1.0.0.tgz 478ms (cache miss)
844 http fetch GET 200 https://registry.npmjs.org/on-headers/-/on-headers-1.1.0.tgz 483ms (cache miss)
845 http fetch GET 200 https://registry.npmjs.org/ignore-by-default/-/ignore-by-default-1.0.1.tgz 477ms (cache miss)
846 http fetch GET 200 https://registry.npmjs.org/inherits/-/inherits-2.0.4.tgz 481ms (cache miss)
847 http fetch GET 200 https://registry.npmjs.org/basic-auth/-/basic-auth-2.0.1.tgz 482ms (cache miss)
848 http fetch GET 200 https://registry.npmjs.org/raw-body/-/raw-body-2.5.3.tgz 482ms (cache miss)
849 http fetch GET 200 https://registry.npmjs.org/bytes/-/bytes-3.1.2.tgz 481ms (cache miss)
850 http fetch GET 200 https://registry.npmjs.org/destroy/-/destroy-1.2.0.tgz 489ms (cache miss)
851 http fetch GET 200 https://registry.npmjs.org/setprototypeof/-/setprototypeof-1.2.0.tgz 489ms (cache miss)
852 http fetch GET 200 https://registry.npmjs.org/get-intrinsic/-/get-intrinsic-1.3.0.tgz 533ms (cache miss)
853 http fetch GET 200 https://registry.npmjs.org/utils-merge/-/utils-merge-1.0.1.tgz 498ms (cache miss)
854 http fetch GET 200 https://registry.npmjs.org/mime-types/-/mime-types-2.1.35.tgz 497ms (cache miss)
855 http fetch GET 200 https://registry.npmjs.org/path-to-regexp/-/path-to-regexp-0.1.13.tgz 494ms (cache miss)
856 http fetch GET 200 https://registry.npmjs.org/statuses/-/statuses-2.0.2.tgz 501ms (cache miss)
857 http fetch GET 200 https://registry.npmjs.org/type-is/-/type-is-1.6.18.tgz 502ms (cache miss)
858 http fetch GET 200 https://registry.npmjs.org/range-parser/-/range-parser-1.2.1.tgz 499ms (cache miss)
859 http fetch GET 200 https://registry.npmjs.org/merge-descriptors/-/merge-descriptors-1.0.3.tgz 494ms (cache miss)
860 http fetch GET 200 https://registry.npmjs.org/hasown/-/hasown-2.0.4.tgz 548ms (cache miss)
861 http fetch GET 200 https://registry.npmjs.org/encodeurl/-/encodeurl-2.0.0.tgz 497ms (cache miss)
862 http fetch GET 200 https://registry.npmjs.org/safe-buffer/-/safe-buffer-5.2.1.tgz 509ms (cache miss)
863 http fetch GET 200 https://registry.npmjs.org/methods/-/methods-1.1.2.tgz 508ms (cache miss)
864 http fetch GET 200 https://registry.npmjs.org/cookie-signature/-/cookie-signature-1.0.7.tgz 503ms (cache miss)
865 http fetch GET 200 https://registry.npmjs.org/proxy-addr/-/proxy-addr-2.0.7.tgz 515ms (cache miss)
866 http fetch GET 200 https://registry.npmjs.org/serve-static/-/serve-static-1.16.3.tgz 517ms (cache miss)
867 http fetch GET 200 https://registry.npmjs.org/on-finished/-/on-finished-2.4.1.tgz 513ms (cache miss)
868 http fetch GET 200 https://registry.npmjs.org/fresh/-/fresh-0.5.2.tgz 513ms (cache miss)
869 http fetch GET 200 https://registry.npmjs.org/parseurl/-/parseurl-1.3.3.tgz 516ms (cache miss)
870 http fetch GET 200 https://registry.npmjs.org/http-errors/-/http-errors-2.0.1.tgz 512ms (cache miss)
871 http fetch GET 200 https://registry.npmjs.org/escape-html/-/escape-html-1.0.3.tgz 517ms (cache miss)
872 http fetch GET 200 https://registry.npmjs.org/finalhandler/-/finalhandler-1.3.2.tgz 517ms (cache miss)
873 http fetch GET 200 https://registry.npmjs.org/call-bound/-/call-bound-1.0.4.tgz 569ms (cache miss)
874 http fetch GET 200 https://registry.npmjs.org/safer-buffer/-/safer-buffer-2.1.2.tgz 545ms (cache miss)
875 http fetch GET 200 https://registry.npmjs.org/vary/-/vary-1.1.2.tgz 519ms (cache miss)
876 http fetch GET 200 https://registry.npmjs.org/object-assign/-/object-assign-4.1.1.tgz 518ms (cache miss)
877 http fetch GET 200 https://registry.npmjs.org/etag/-/etag-1.8.1.tgz 522ms (cache miss)
878 http fetch GET 200 https://registry.npmjs.org/cookie/-/cookie-0.7.2.tgz 527ms (cache miss)
879 http fetch GET 200 https://registry.npmjs.org/array-flatten/-/array-flatten-1.1.1.tgz 524ms (cache miss)
880 http fetch GET 200 https://registry.npmjs.org/content-disposition/-/content-disposition-0.5.4.tgz 528ms (cache miss)
881 http fetch GET 200 https://registry.npmjs.org/content-type/-/content-type-1.0.5.tgz 529ms (cache miss)
882 http fetch GET 200 https://registry.npmjs.org/accepts/-/accepts-1.3.8.tgz 526ms (cache miss)
883 http fetch GET 200 https://registry.npmjs.org/ms/-/ms-2.1.3.tgz 521ms (cache miss)
884 http fetch GET 200 https://registry.npmjs.org/morgan/-/morgan-1.12.0.tgz 527ms (cache miss)
885 http fetch GET 200 https://registry.npmjs.org/gopd/-/gopd-1.2.0.tgz 591ms (cache miss)
886 http fetch GET 200 https://registry.npmjs.org/side-channel-map/-/side-channel-map-1.0.1.tgz 587ms (cache miss)
887 http fetch GET 200 https://registry.npmjs.org/undefsafe/-/undefsafe-2.0.5.tgz 568ms (cache miss)
888 http fetch GET 200 https://registry.npmjs.org/mime-db/-/mime-db-1.52.0.tgz 564ms (cache miss)
889 http fetch GET 200 https://registry.npmjs.org/ms/-/ms-2.1.3.tgz 522ms (cache miss)
890 http fetch GET 200 https://registry.npmjs.org/cors/-/cors-2.8.6.tgz 519ms (cache miss)
891 http fetch GET 200 https://registry.npmjs.org/send/-/send-0.19.2.tgz 546ms (cache miss)
892 http fetch GET 200 https://registry.npmjs.org/safe-buffer/-/safe-buffer-5.1.2.tgz 535ms (cache miss)
893 http fetch GET 200 https://registry.npmjs.org/side-channel-weakmap/-/side-channel-weakmap-1.0.2.tgz 594ms (cache miss)
894 http fetch GET 200 https://registry.npmjs.org/depd/-/depd-2.0.0.tgz 549ms (cache miss)
895 http fetch GET 200 https://registry.npmjs.org/side-channel/-/side-channel-1.1.1.tgz 598ms (cache miss)
896 http fetch GET 200 https://registry.npmjs.org/side-channel-list/-/side-channel-list-1.0.1.tgz 601ms (cache miss)
897 http fetch GET 200 https://registry.npmjs.org/function-bind/-/function-bind-1.1.2.tgz 604ms (cache miss)
898 http fetch GET 200 https://registry.npmjs.org/qs 430ms (cache miss)
899 silly packumentCache corgi:https://registry.npmjs.org/qs set size:undefined disposed:false
900 http fetch GET 200 https://registry.npmjs.org/get-proto/-/get-proto-1.0.1.tgz 626ms (cache miss)
901 http fetch GET 200 https://registry.npmjs.org/negotiator/-/negotiator-0.6.3.tgz 591ms (cache miss)
902 http fetch GET 200 https://registry.npmjs.org/mime/-/mime-1.6.0.tgz 622ms (cache miss)
903 http fetch GET 200 https://registry.npmjs.org/chokidar/-/chokidar-3.6.0.tgz 594ms (cache miss)
904 http fetch GET 200 https://registry.npmjs.org/braces/-/braces-3.0.3.tgz 611ms (cache miss)
905 http fetch GET 200 https://registry.npmjs.org/es-object-atoms/-/es-object-atoms-1.1.2.tgz 632ms (cache miss)
906 http fetch GET 200 https://registry.npmjs.org/dunder-proto/-/dunder-proto-1.0.1.tgz 640ms (cache miss)
907 http fetch GET 200 https://registry.npmjs.org/picomatch/-/picomatch-2.3.2.tgz 622ms (cache miss)
908 http fetch GET 200 https://registry.npmjs.org/helmet/-/helmet-8.3.0.tgz 586ms (cache miss)
909 http fetch GET 200 https://registry.npmjs.org/pstree.remy/-/pstree.remy-1.1.8.tgz 625ms (cache miss)
910 http fetch GET 200 https://registry.npmjs.org/has-symbols/-/has-symbols-1.1.0.tgz 656ms (cache miss)
911 http fetch GET 200 https://registry.npmjs.org/debug/-/debug-4.4.3.tgz 593ms (cache miss)
912 silly packumentCache corgi:https://registry.npmjs.org/express cache-miss
913 silly packumentCache corgi:https://registry.npmjs.org/body-parser cache-miss
914 http fetch GET 200 https://registry.npmjs.org/body-parser/-/body-parser-1.20.6.tgz 620ms (cache miss)
915 http fetch GET 200 https://registry.npmjs.org/dotenv/-/dotenv-16.6.1.tgz 614ms (cache miss)
916 http fetch GET 200 https://registry.npmjs.org/es-errors/-/es-errors-1.3.0.tgz 675ms (cache miss)
917 http fetch GET 200 https://registry.npmjs.org/balanced-match/-/balanced-match-4.0.4.tgz 670ms (cache miss)
918 http fetch GET 200 https://registry.npmjs.org/call-bind-apply-helpers/-/call-bind-apply-helpers-1.0.2.tgz 666ms (cache miss)
919 http fetch GET 200 https://registry.npmjs.org/brace-expansion/-/brace-expansion-5.0.9.tgz 673ms (cache miss)
920 http fetch GET 200 https://registry.npmjs.org/simple-update-notifier/-/simple-update-notifier-2.0.0.tgz 669ms (cache miss)
921 http fetch GET 200 https://registry.npmjs.org/debug/-/debug-2.6.9.tgz 653ms (cache miss)
922 http fetch GET 200 https://registry.npmjs.org/body-parser 81ms (cache miss)
923 silly packumentCache corgi:https://registry.npmjs.org/body-parser set size:undefined disposed:false
924 http fetch GET 200 https://registry.npmjs.org/qs/-/qs-6.15.3.tgz 720ms (cache miss)
925 http fetch GET 200 https://registry.npmjs.org/express/-/express-4.22.2.tgz 702ms (cache miss)
926 http fetch GET 200 https://registry.npmjs.org/math-intrinsics/-/math-intrinsics-1.1.0.tgz 772ms (cache miss)
927 http fetch GET 200 https://registry.npmjs.org/express 110ms (cache miss)
928 silly packumentCache corgi:https://registry.npmjs.org/express set size:undefined disposed:false
929 http fetch GET 200 https://registry.npmjs.org/object-inspect/-/object-inspect-1.13.4.tgz 803ms (cache miss)
930 http fetch GET 200 https://registry.npmjs.org/iconv-lite/-/iconv-lite-0.4.24.tgz 776ms (cache miss)
931 http fetch GET 200 https://registry.npmjs.org/nodemon/-/nodemon-3.1.14.tgz 788ms (cache miss)
932 http fetch GET 200 https://registry.npmjs.org/semver/-/semver-7.8.5.tgz 826ms (cache miss)
933 http fetch GET 200 https://registry.npmjs.org/minimatch/-/minimatch-10.2.6.tgz 851ms (cache miss)
934 silly ADD node_modules/media-typer
935 silly ADD node_modules/is-number
936 silly ADD node_modules/has-flag
937 silly ADD node_modules/dunder-proto
938 silly ADD node_modules/math-intrinsics
939 silly ADD node_modules/hasown
940 silly ADD node_modules/has-symbols
941 silly ADD node_modules/gopd
942 silly ADD node_modules/get-proto
943 silly ADD node_modules/es-object-atoms
944 silly ADD node_modules/function-bind
945 silly ADD node_modules/call-bind-apply-helpers
946 silly ADD node_modules/get-intrinsic
947 silly ADD node_modules/call-bound
948 silly ADD node_modules/side-channel-weakmap
949 silly ADD node_modules/side-channel-map
950 silly ADD node_modules/side-channel-list
951 silly ADD node_modules/object-inspect
952 silly ADD node_modules/es-errors
953 silly ADD node_modules/mime
954 silly ADD node_modules/side-channel
955 silly ADD node_modules/es-define-property
956 silly ADD node_modules/ipaddr.js
957 silly ADD node_modules/forwarded
958 silly ADD node_modules/ee-first
959 silly ADD node_modules/balanced-match
960 silly ADD node_modules/brace-expansion
961 silly ADD node_modules/is-extglob
962 silly ADD node_modules/binary-extensions
963 silly ADD node_modules/to-regex-range
964 silly ADD node_modules/fill-range
965 silly ADD node_modules/picomatch
966 silly ADD node_modules/readdirp
967 silly ADD node_modules/normalize-path
968 silly ADD node_modules/is-glob
969 silly ADD node_modules/is-binary-path
970 silly ADD node_modules/glob-parent
971 silly ADD node_modules/braces
972 silly ADD node_modules/anymatch
973 silly ADD node_modules/undefsafe
974 silly ADD node_modules/touch
975 silly ADD node_modules/supports-color
976 silly ADD node_modules/simple-update-notifier
977 silly ADD node_modules/semver
978 silly ADD node_modules/pstree.remy
979 silly ADD node_modules/minimatch
980 silly ADD node_modules/ignore-by-default
981 silly ADD node_modules/chokidar
982 silly ADD node_modules/on-headers
983 silly ADD node_modules/basic-auth
984 silly ADD node_modules/basic-auth/node_modules/safe-buffer
985 silly ADD node_modules/mime-db
986 silly ADD node_modules/safer-buffer
987 silly ADD node_modules/toidentifier
988 silly ADD node_modules/inherits
989 silly ADD node_modules/ms
990 silly ADD node_modules/unpipe
991 silly ADD node_modules/raw-body
992 silly ADD node_modules/iconv-lite
993 silly ADD node_modules/destroy
994 silly ADD node_modules/bytes
995 silly ADD node_modules/negotiator
996 silly ADD node_modules/mime-types
997 silly ADD node_modules/utils-merge
998 silly ADD node_modules/type-is
999 silly ADD node_modules/statuses
1000 silly ADD node_modules/setprototypeof
1001 silly ADD node_modules/serve-static
1002 silly ADD node_modules/send
1003 silly ADD node_modules/send/node_modules/ms
1004 silly ADD node_modules/safe-buffer
1005 silly ADD node_modules/range-parser
1006 silly ADD node_modules/qs
1007 silly ADD node_modules/proxy-addr
1008 silly ADD node_modules/path-to-regexp
1009 silly ADD node_modules/parseurl
1010 silly ADD node_modules/on-finished
1011 silly ADD node_modules/methods
1012 silly ADD node_modules/merge-descriptors
1013 silly ADD node_modules/http-errors
1014 silly ADD node_modules/fresh
1015 silly ADD node_modules/finalhandler
1016 silly ADD node_modules/etag
1017 silly ADD node_modules/escape-html
1018 silly ADD node_modules/encodeurl
1019 silly ADD node_modules/depd
1020 silly ADD node_modules/debug
1021 silly ADD node_modules/cookie-signature
1022 silly ADD node_modules/cookie
1023 silly ADD node_modules/content-type
1024 silly ADD node_modules/content-disposition
1025 silly ADD node_modules/body-parser
1026 silly ADD node_modules/array-flatten
1027 silly ADD node_modules/accepts
1028 silly ADD node_modules/vary
1029 silly ADD node_modules/object-assign
1030 silly ADD node_modules/nodemon
1031 silly ADD node_modules/nodemon/node_modules/ms
1032 silly ADD node_modules/nodemon/node_modules/debug
1033 silly ADD node_modules/morgan
1034 silly ADD node_modules/helmet
1035 silly ADD node_modules/express
1036 silly ADD node_modules/dotenv
1037 silly ADD node_modules/cors
1038 verbose cwd D:\QLSCvaQLBTI_BE
1039 verbose os Windows_NT 10.0.26200
1040 verbose node v24.11.1
1041 verbose npm  v11.6.2
1042 notice
1042 notice New minor version of npm available! 11.6.2 -> 11.19.1
1042 notice Changelog: https://github.com/npm/cli/releases/tag/v11.19.1
1042 notice To update run: npm install -g npm@11.19.1
1042 notice  { force: true, Symbol(proc-log.meta): true }
1043 verbose exit 0
1044 info ok
